Archive member included to satisfy reference by file (symbol)

/opt/st/stm32cubeide_1.14.0/plugins/com.st.stm32cube.ide.mcu.externaltools.gnu-tools-for-stm32.11.3.rel1.linux64_1.1.100.202309141235/tools/bin/../lib/gcc/arm-none-eabi/11.3.1/../../../../arm-none-eabi/lib/thumb/v7e-m+fp/hard/libc_nano.a(libc_a-exit.o)
                              /opt/st/stm32cubeide_1.14.0/plugins/com.st.stm32cube.ide.mcu.externaltools.gnu-tools-for-stm32.11.3.rel1.linux64_1.1.100.202309141235/tools/bin/../lib/gcc/arm-none-eabi/11.3.1/../../../../arm-none-eabi/lib/thumb/v7e-m+fp/hard/crt0.o (exit)
/opt/st/stm32cubeide_1.14.0/plugins/com.st.stm32cube.ide.mcu.externaltools.gnu-tools-for-stm32.11.3.rel1.linux64_1.1.100.202309141235/tools/bin/../lib/gcc/arm-none-eabi/11.3.1/../../../../arm-none-eabi/lib/thumb/v7e-m+fp/hard/libc_nano.a(libc_a-findfp.o)
                              /opt/st/stm32cubeide_1.14.0/plugins/com.st.stm32cube.ide.mcu.externaltools.gnu-tools-for-stm32.11.3.rel1.linux64_1.1.100.202309141235/tools/bin/../lib/gcc/arm-none-eabi/11.3.1/../../../../arm-none-eabi/lib/thumb/v7e-m+fp/hard/libc_nano.a(libc_a-exit.o) (__stdio_exit_handler)
/opt/st/stm32cubeide_1.14.0/plugins/com.st.stm32cube.ide.mcu.externaltools.gnu-tools-for-stm32.11.3.rel1.linux64_1.1.100.202309141235/tools/bin/../lib/gcc/arm-none-eabi/11.3.1/../../../../arm-none-eabi/lib/thumb/v7e-m+fp/hard/libc_nano.a(libc_a-fwalk.o)
                              /opt/st/stm32cubeide_1.14.0/plugins/com.st.stm32cube.ide.mcu.externaltools.gnu-tools-for-stm32.11.3.rel1.linux64_1.1.100.202309141235/tools/bin/../lib/gcc/arm-none-eabi/11.3.1/../../../../arm-none-eabi/lib/thumb/v7e-m+fp/hard/libc_nano.a(libc_a-findfp.o) (_fwalk_sglue)
/opt/st/stm32cubeide_1.14.0/plugins/com.st.stm32cube.ide.mcu.externaltools.gnu-tools-for-stm32.11.3.rel1.linux64_1.1.100.202309141235/tools/bin/../lib/gcc/arm-none-eabi/11.3.1/../../../../arm-none-eabi/lib/thumb/v7e-m+fp/hard/libc_nano.a(libc_a-printf.o)
                              ./Core/Src/main.o (printf)
/opt/st/stm32cubeide_1.14.0/plugins/com.st.stm32cube.ide.mcu.externaltools.gnu-tools-for-stm32.11.3.rel1.linux64_1.1.100.202309141235/tools/bin/../lib/gcc/arm-none-eabi/11.3.1/../../../../arm-none-eabi/lib/thumb/v7e-m+fp/hard/libc_nano.a(libc_a-puts.o)
                              ./Core/Src/main.o (puts)
/opt/st/stm32cubeide_1.14.0/plugins/com.st.stm32cube.ide.mcu.externaltools.gnu-tools-for-stm32.11.3.rel1.linux64_1.1.100.202309141235/tools/bin/../lib/gcc/arm-none-eabi/11.3.1/../../../../arm-none-eabi/lib/thumb/v7e-m+fp/hard/libc_nano.a(libc_a-stdio.o)
                              /opt/st/stm32cubeide_1.14.0/plugins/com.st.stm32cube.ide.mcu.externaltools.gnu-tools-for-stm32.11.3.rel1.linux64_1.1.100.202309141235/tools/bin/../lib/gcc/arm-none-eabi/11.3.1/../../../../arm-none-eabi/lib/thumb/v7e-m+fp/hard/libc_nano.a(libc_a-findfp.o) (__sread)
/opt/st/stm32cubeide_1.14.0/plugins/com.st.stm32cube.ide.mcu.externaltools.gnu-tools-for-stm32.11.3.rel1.linux64_1.1.100.202309141235/tools/bin/../lib/gcc/arm-none-eabi/11.3.1/../../../../arm-none-eabi/lib/thumb/v7e-m+fp/hard/libc_nano.a(libc_a-wbuf.o)
                              /opt/st/stm32cubeide_1.14.0/plugins/com.st.stm32cube.ide.mcu.externaltools.gnu-tools-for-stm32.11.3.rel1.linux64_1.1.100.202309141235/tools/bin/../lib/gcc/arm-none-eabi/11.3.1/../../../../arm-none-eabi/lib/thumb/v7e-m+fp/hard/libc_nano.a(libc_a-puts.o) (__swbuf_r)
/opt/st/stm32cubeide_1.14.0/plugins/com.st.stm32cube.ide.mcu.externaltools.gnu-tools-for-stm32.11.3.rel1.linux64_1.1.100.202309141235/tools/bin/../lib/gcc/arm-none-eabi/11.3.1/../../../../arm-none-eabi/lib/thumb/v7e-m+fp/hard/libc_nano.a(libc_a-wsetup.o)
                              /opt/st/stm32cubeide_1.14.0/plugins/com.st.stm32cube.ide.mcu.externaltools.gnu-tools-for-stm32.11.3.rel1.linux64_1.1.100.202309141235/tools/bin/../lib/gcc/arm-none-eabi/11.3.1/../../../../arm-none-eabi/lib/thumb/v7e-m+fp/hard/libc_nano.a(libc_a-puts.o) (__swsetup_r)
/opt/st/stm32cubeide_1.14.0/plugins/com.st.stm32cube.ide.mcu.externaltools.gnu-tools-for-stm32.11.3.rel1.linux64_1.1.100.202309141235/tools/bin/../lib/gcc/arm-none-eabi/11.3.1/../../../../arm-none-eabi/lib/thumb/v7e-m+fp/hard/libc_nano.a(libc_a-memset.o)
                              /opt/st/stm32cubeide_1.14.0/plugins/com.st.stm32cube.ide.mcu.externaltools.gnu-tools-for-stm32.11.3.rel1.linux64_1.1.100.202309141235/tools/bin/../lib/gcc/arm-none-eabi/11.3.1/../../../../arm-none-eabi/lib/thumb/v7e-m+fp/hard/crt0.o (memset)
/opt/st/stm32cubeide_1.14.0/plugins/com.st.stm32cube.ide.mcu.externaltools.gnu-tools-for-stm32.11.3.rel1.linux64_1.1.100.202309141235/tools/bin/../lib/gcc/arm-none-eabi/11.3.1/../../../../arm-none-eabi/lib/thumb/v7e-m+fp/hard/libc_nano.a(libc_a-closer.o)
[...]
Memory Configuration

Name             Origin             Length             Attributes
RAM              0x0000000020000000 0x0000000000050000 xrw
FLASH            0x0000000008000000 0x0000000000100000 xr
*default*        0x0000000000000000 0xffffffffffffffff

Linker script and memory map

LOAD /opt/st/stm32cubeide_1.14.0/plugins/com.st.stm32cube.ide.mcu.externaltools.gnu-tools-for-stm32.11.3.rel1.linux64_1.1.100.202309141235/tools/bin/../lib/gcc/arm-none-eabi/11.3.1/thumb/v7e-m+fp/hard/crti.o
LOAD /opt/st/stm32cubeide_1.14.0/plugins/com.st.stm32cube.ide.mcu.externaltools.gnu-tools-for-stm32.11.3.rel1.linux64_1.1.100.202309141235/tools/bin/../lib/gcc/arm-none-eabi/11.3.1/thumb/v7e-m+fp/hard/crtbegin.o
LOAD /opt/st/stm32cubeide_1.14.0/plugins/com.st.stm32cube.ide.mcu.externaltools.gnu-tools-for-stm32.11.3.rel1.linux64_1.1.100.202309141235/tools/bin/../lib/gcc/arm-none-eabi/11.3.1/../../../../arm-none-eabi/lib/thumb/v7e-m+fp/hard/crt0.o
LOAD ./Core/Src/i2c_slave.o
LOAD ./Core/Src/main.o
LOAD ./Core/Src/stm32f7xx_hal_msp.o
LOAD ./Core/Src/stm32f7xx_it.o
LOAD ./Core/Src/syscalls.o
LOAD ./Core/Src/sysmem.o
LOAD ./Core/Src/system_stm32f7xx.o
LOAD ./Core/Startup/startup_stm32f746zgtx.o
LOAD ./Drivers/STM32F7xx_HAL_Driver/Src/stm32f7xx_hal.o
LOAD ./Drivers/STM32F7xx_HAL_Driver/Src/stm32f7xx_hal_cortex.o
LOAD ./Drivers/STM32F7xx_HAL_Driver/Src/stm32f7xx_hal_dma.o
LOAD ./Drivers/STM32F7xx_HAL_Driver/Src/stm32f7xx_hal_dma_ex.o
LOAD ./Drivers/STM32F7xx_HAL_Driver/Src/stm32f7xx_hal_exti.o
LOAD ./Drivers/STM32F7xx_HAL_Driver/Src/stm32f7xx_hal_flash.o
LOAD ./Drivers/STM32F7xx_HAL_Driver/Src/stm32f7xx_hal_flash_ex.o
LOAD ./Drivers/STM32F7xx_HAL_Driver/Src/stm32f7xx_hal_gpio.o
LOAD ./Drivers/STM32F7xx_HAL_Driver/Src/stm32f7xx_hal_i2c.o
LOAD ./Drivers/STM32F7xx_HAL_Driver/Src/stm32f7xx_hal_i2c_ex.o
LOAD ./Drivers/STM32F7xx_HAL_Driver/Src/stm32f7xx_hal_pwr.o
LOAD ./Drivers/STM32F7xx_HAL_Driver/Src/stm32f7xx_hal_pwr_ex.o
LOAD ./Drivers/STM32F7xx_HAL_Driver/Src/stm32f7xx_hal_rcc.o
LOAD ./Drivers/STM32F7xx_HAL_Driver/Src/stm32f7xx_hal_rcc_ex.o
LOAD ./Drivers/STM32F7xx_HAL_Driver/Src/stm32f7xx_hal_tim.o
LOAD ./Drivers/STM32F7xx_HAL_Driver/Src/stm32f7xx_hal_tim_ex.o
LOAD ./Drivers/STM32F7xx_HAL_Driver/Src/stm32f7xx_hal_uart.o
LOAD ./Drivers/STM32F7xx_HAL_Driver/Src/stm32f7xx_hal_uart_ex.o
START GROUP
LOAD /opt/st/stm32cubeide_1.14.0/plugins/com.st.stm32cube.ide.mcu.externaltools.gnu-tools-for-stm32.11.3.rel1.linux64_1.1.100.202309141235/tools/bin/../lib/gcc/arm-none-eabi/11.3.1/../../../../arm-none-eabi/lib/thumb/v7e-m+fp/hard/libc_nano.a
LOAD /opt/st/stm32cubeide_1.14.0/plugins/com.st.stm32cube.ide.mcu.externaltools.gnu-tools-for-stm32.11.3.rel1.linux64_1.1.100.202309141235/tools/bin/../lib/gcc/arm-none-eabi/11.3.1/../../../../arm-none-eabi/lib/thumb/v7e-m+fp/hard/libm.a
END GROUP
START GROUP
LOAD /opt/st/stm32cubeide_1.14.0/plugins/com.st.stm32cube.ide.mcu.externaltools.gnu-tools-for-stm32.11.3.rel1.linux64_1.1.100.202309141235/tools/bin/../lib/gcc/arm-none-eabi/11.3.1/thumb/v7e-m+fp/hard/libgcc.a
LOAD /opt/st/stm32cubeide_1.14.0/plugins/com.st.stm32cube.ide.mcu.externaltools.gnu-tools-for-stm32.11.3.rel1.linux64_1.1.100.202309141235/tools/bin/../lib/gcc/arm-none-eabi/11.3.1/../../../../arm-none-eabi/lib/thumb/v7e-m+fp/hard/libc_nano.a
END GROUP
START GROUP
LOAD /opt/st/stm32cubeide_1.14.0/plugins/com.st.stm32cube.ide.mcu.externaltools.gnu-tools-for-stm32.11.3.rel1.linux64_1.1.100.202309141235/tools/bin/../lib/gcc/arm-none-eabi/11.3.1/thumb/v7e-m+fp/hard/libgcc.a
LOAD /opt/st/stm32cubeide_1.14.0/plugins/com.st.stm32cube.ide.mcu.externaltools.gnu-tools-for-stm32.11.3.rel1.linux64_1.1.100.202309141235/tools/bin/../lib/gcc/arm-none-eabi/11.3.1/../../../../arm-none-eabi/lib/thumb/v7e-m+fp/hard/libc_nano.a
LOAD /opt/st/stm32cubeide_1.14.0/plugins/com.st.stm32cube.ide.mcu.externaltools.gnu-tools-for-stm32.11.3.rel1.linux64_1.1.100.202309141235/tools/bin/../lib/gcc/arm-none-eabi/11.3.1/../../../../arm-none-eabi/lib/thumb/v7e-m+fp/hard/libnosys.a
END GROUP
START GROUP
LOAD /opt/st/stm32cubeide_1.14.0/plugins/com.st.stm32cube.ide.mcu.externaltools.gnu-tools-for-stm32.11.3.rel1.linux64_1.1.100.202309141235/tools/bin/../lib/gcc/arm-none-eabi/11.3.1/thumb/v7e-m+fp/hard/libgcc.a
LOAD /opt/st/stm32cubeide_1.14.0/plugins/com.st.stm32cube.ide.mcu.externaltools.gnu-tools-for-stm32.11.3.rel1.linux64_1.1.100.202309141235/tools/bin/../lib/gcc/arm-none-eabi/11.3.1/../../../../arm-none-eabi/lib/thumb/v7e-m+fp/hard/libc_nano.a
LOAD /opt/st/stm32cubeide_1.14.0/plugins/com.st.stm32cube.ide.mcu.externaltools.gnu-tools-for-stm32.11.3.rel1.linux64_1.1.100.202309141235/tools/bin/../lib/gcc/arm-none-eabi/11.3.1/../../../../arm-none-eabi/lib/thumb/v7e-m+fp/hard/libnosys.a
END GROUP
LOAD /opt/st/stm32cubeide_1.14.0/plugins/com.st.stm32cube.ide.mcu.externaltools.gnu-tools-for-stm32.11.3.rel1.linux64_1.1.100.202309141235/tools/bin/../lib/gcc/arm-none-eabi/11.3.1/thumb/v7e-m+fp/hard/crtend.o
LOAD /opt/st/stm32cubeide_1.14.0/plugins/com.st.stm32cube.ide.mcu.externaltools.gnu-tools-for-stm32.11.3.rel1.linux64_1.1.100.202309141235/tools/bin/../lib/gcc/arm-none-eabi/11.3.1/thumb/v7e-m+fp/hard/crtn.o
                0x0000000020050000                _estack = (ORIGIN (RAM) + LENGTH (RAM))
                0x0000000000000200                _Min_Heap_Size = 0x200
                0x0000000000000400                _Min_Stack_Size = 0x400

.isr_vector     0x0000000008000000      0x1c8
                0x0000000008000000                . = ALIGN (0x4)
 *(.isr_vector)
 .isr_vector    0x0000000008000000      0x1c8 ./Core/Startup/startup_stm32f746zgtx.o
                0x0000000008000000                g_pfnVectors
                0x00000000080001c8                . = ALIGN (0x4)

.text           0x00000000080001d0     0x6184
                0x00000000080001d0                . = ALIGN (0x4)
 *(.text)
 .text          0x00000000080001d0       0x40 /opt/st/stm32cubeide_1.14.0/plugins/com.st.stm32cube.ide.mcu.externaltools.gnu-tools-for-stm32.11.3.rel1.linux64_1.1.100.202309141235/tools/bin/../lib/gcc/arm-none-eabi/11.3.1/thumb/v7e-m+fp/hard/crtbegin.o
 .text          0x0000000008000210       0xa0 /opt/st/stm32cubeide_1.14.0/plugins/com.st.stm32cube.ide.mcu.externaltools.gnu-tools-for-stm32.11.3.rel1.linux64_1.1.100.202309141235/tools/bin/../lib/gcc/arm-none-eabi/11.3.1/../../../../arm-none-eabi/lib/thumb/v7e-m+fp/hard/libc_nano.a(libc_a-memchr.o)
                0x0000000008000210                memchr
 .text          0x00000000080002b0       0x30 /opt/st/stm32cubeide_1.14.0/plugins/com.st.stm32cube.ide.mcu.externaltools.gnu-tools-for-stm32.11.3.rel1.linux64_1.1.100.202309141235/tools/bin/../lib/gcc/arm-none-eabi/11.3.1/thumb/v7e-m+fp/hard/libgcc.a(_aeabi_uldivmod.o)
                0x00000000080002b0                __aeabi_uldivmod
 .text          0x00000000080002e0      0x2c8 /opt/st/stm32cubeide_1.14.0/plugins/com.st.stm32cube.ide.mcu.externaltools.gnu-tools-for-stm32.11.3.rel1.linux64_1.1.100.202309141235/tools/bin/../lib/gcc/arm-none-eabi/11.3.1/thumb/v7e-m+fp/hard/libgcc.a(_udivmoddi4.o)
                0x00000000080002e0                __udivmoddi4
 .text          0x00000000080005a8        0x4 /opt/st/stm32cubeide_1.14.0/plugins/com.st.stm32cube.ide.mcu.externaltools.gnu-tools-for-stm32.11.3.rel1.linux64_1.1.100.202309141235/tools/bin/../lib/gcc/arm-none-eabi/11.3.1/thumb/v7e-m+fp/hard/libgcc.a(_dvmd_tls.o)
                0x00000000080005a8                __aeabi_ldiv0
                0x00000000080005a8                __aeabi_idiv0
 *(.text*)
 .text.I2C_Slave_Init
                0x00000000080005ac       0x14 ./Core/Src/i2c_slave.o
                0x00000000080005ac                I2C_Slave_Init
 .text.I2C_Slave_Receive
                0x00000000080005c0       0x24 ./Core/Src/i2c_slave.o
                0x00000000080005c0                I2C_Slave_Receive
 .text.I2C_Slave_Transmit
                0x00000000080005e4       0x24 ./Core/Src/i2c_slave.o
                0x00000000080005e4                I2C_Slave_Transmit
 .text.HAL_I2C_ListenCpltCallback
                0x0000000008000608       0x16 ./Core/Src/i2c_slave.o
                0x0000000008000608                HAL_I2C_ListenCpltCallback
 *fill*         0x000000000800061e        0x2 
 .text.HAL_I2C_AddrCallback
                0x0000000008000620       0x54 ./Core/Src/i2c_slave.o
                0x0000000008000620                HAL_I2C_AddrCallback
 .text.HAL_I2C_SlaveRxCpltCallback
                0x0000000008000674       0x24 ./Core/Src/i2c_slave.o
                0x0000000008000674                HAL_I2C_SlaveRxCpltCallback
 .text.HAL_I2C_ErrorCallback
                0x0000000008000698       0x16 ./Core/Src/i2c_slave.o
                0x0000000008000698                HAL_I2C_ErrorCallback
 *fill*         0x00000000080006ae        0x2 
 .text.__io_putchar
                0x00000000080006b0       0x24 ./Core/Src/main.o
                0x00000000080006b0                __io_putchar
 .text.main     0x00000000080006d4       0xd8 ./Core/Src/main.o
                0x00000000080006d4                main
 .text.SystemClock_Config
                0x00000000080007ac       0xcc ./Core/Src/main.o
                0x00000000080007ac                SystemClock_Config
 .text.MX_I2C1_Init
                0x0000000008000878       0x80 ./Core/Src/main.o
 .text.MX_USART3_UART_Init
                0x00000000080008f8       0x60 ./Core/Src/main.o
 .text.MX_GPIO_Init
                0x0000000008000958       0x60 ./Core/Src/main.o
 .text.Error_Handler
                0x00000000080009b8        0xa ./Core/Src/main.o
                0x00000000080009b8                Error_Handler
 *fill*         0x00000000080009c2        0x2 
 .text.HAL_MspInit
                0x00000000080009c4       0x48 ./Core/Src/stm32f7xx_hal_msp.o
                0x00000000080009c4                HAL_MspInit
 .text.HAL_I2C_MspInit
                0x0000000008000a0c       0xe0 ./Core/Src/stm32f7xx_hal_msp.o
                0x0000000008000a0c                HAL_I2C_MspInit
 .text.HAL_UART_MspInit
                0x0000000008000aec       0xc0 ./Core/Src/stm32f7xx_hal_msp.o
                0x0000000008000aec                HAL_UART_MspInit
 .text.NMI_Handler
                0x0000000008000bac        0x6 ./Core/Src/stm32f7xx_it.o
                0x0000000008000bac                NMI_Handler
 .text.HardFault_Handler
                0x0000000008000bb2        0x6 ./Core/Src/stm32f7xx_it.o
                0x0000000008000bb2                HardFault_Handler
 .text.MemManage_Handler
                0x0000000008000bb8        0x6 ./Core/Src/stm32f7xx_it.o
                0x0000000008000bb8                MemManage_Handler
 .text.BusFault_Handler
                0x0000000008000bbe        0x6 ./Core/Src/stm32f7xx_it.o
                0x0000000008000bbe                BusFault_Handler
 .text.UsageFault_Handler
                0x0000000008000bc4        0x6 ./Core/Src/stm32f7xx_it.o
                0x0000000008000bc4                UsageFault_Handler
 .text.SVC_Handler
                0x0000000008000bca        0xe ./Core/Src/stm32f7xx_it.o
                0x0000000008000bca                SVC_Handler
 .text.DebugMon_Handler
                0x0000000008000bd8        0xe ./Core/Src/stm32f7xx_it.o
                0x0000000008000bd8                DebugMon_Handler
 .text.PendSV_Handler
                0x0000000008000be6        0xe ./Core/Src/stm32f7xx_it.o
                0x0000000008000be6                PendSV_Handler
 .text.SysTick_Handler
                0x0000000008000bf4        0xc ./Core/Src/stm32f7xx_it.o
                0x0000000008000bf4                SysTick_Handler
 .text.I2C1_EV_IRQHandler
                0x0000000008000c00       0x14 ./Core/Src/stm32f7xx_it.o
                0x0000000008000c00                I2C1_EV_IRQHandler
 .text.I2C1_ER_IRQHandler
                0x0000000008000c14       0x14 ./Core/Src/stm32f7xx_it.o
                0x0000000008000c14                I2C1_ER_IRQHandler
 .text._read    0x0000000008000c28       0x3a ./Core/Src/syscalls.o
                0x0000000008000c28                _read
 .text._write   0x0000000008000c62       0x38 ./Core/Src/syscalls.o
                0x0000000008000c62                _write
 .text._close   0x0000000008000c9a       0x18 ./Core/Src/syscalls.o
                0x0000000008000c9a                _close
 .text._fstat   0x0000000008000cb2       0x20 ./Core/Src/syscalls.o
                0x0000000008000cb2                _fstat
 .text._isatty  0x0000000008000cd2       0x16 ./Core/Src/syscalls.o
                0x0000000008000cd2                _isatty
 .text._lseek   0x0000000008000ce8       0x1a ./Core/Src/syscalls.o
                0x0000000008000ce8                _lseek
 *fill*         0x0000000008000d02        0x2 
 .text._sbrk    0x0000000008000d04       0x6c ./Core/Src/sysmem.o
                0x0000000008000d04                _sbrk
 .text.SystemInit
                0x0000000008000d70       0x24 ./Core/Src/system_stm32f7xx.o
                0x0000000008000d70                SystemInit
 .text.Reset_Handler
                0x0000000008000d94       0x50 ./Core/Startup/startup_stm32f746zgtx.o
                0x0000000008000d94                Reset_Handler
 .text.Default_Handler
                0x0000000008000de4        0x2 ./Core/Startup/startup_stm32f746zgtx.o
                0x0000000008000de4                RTC_Alarm_IRQHandler
                0x0000000008000de4                EXTI2_IRQHandler
                0x0000000008000de4                TIM8_CC_IRQHandler
                0x0000000008000de4                UART8_IRQHandler
                0x0000000008000de4                SPI4_IRQHandler
                0x0000000008000de4                TIM1_CC_IRQHandler
                0x0000000008000de4                DMA2_Stream5_IRQHandler
                0x0000000008000de4                DMA1_Stream5_IRQHandler
                0x0000000008000de4                PVD_IRQHandler
                0x0000000008000de4                TAMP_STAMP_IRQHandler
                0x0000000008000de4                CAN2_RX1_IRQHandler
                0x0000000008000de4                EXTI3_IRQHandler
                0x0000000008000de4                TIM8_TRG_COM_TIM14_IRQHandler
                0x0000000008000de4                TIM1_UP_TIM10_IRQHandler
                0x0000000008000de4                TIM8_UP_TIM13_IRQHandler
                0x0000000008000de4                I2C3_ER_IRQHandler
                0x0000000008000de4                EXTI0_IRQHandler
                0x0000000008000de4                I2C2_EV_IRQHandler
                0x0000000008000de4                DMA1_Stream2_IRQHandler
                0x0000000008000de4                CAN1_RX0_IRQHandler
                0x0000000008000de4                FPU_IRQHandler
                0x0000000008000de4                OTG_HS_WKUP_IRQHandler
                0x0000000008000de4                LTDC_ER_IRQHandler
                0x0000000008000de4                CAN2_SCE_IRQHandler
                0x0000000008000de4                DMA2_Stream2_IRQHandler
                0x0000000008000de4                SPI1_IRQHandler
                0x0000000008000de4                TIM6_DAC_IRQHandler
                0x0000000008000de4                TIM1_BRK_TIM9_IRQHandler
                0x0000000008000de4                DCMI_IRQHandler
                0x0000000008000de4                CAN2_RX0_IRQHandler
                0x0000000008000de4                DMA2_Stream3_IRQHandler
                0x0000000008000de4                SAI2_IRQHandler
                0x0000000008000de4                USART6_IRQHandler
                0x0000000008000de4                USART3_IRQHandler
                0x0000000008000de4                CAN1_RX1_IRQHandler
                0x0000000008000de4                UART5_IRQHandler
                0x0000000008000de4                DMA2_Stream0_IRQHandler
                0x0000000008000de4                TIM4_IRQHandler
                0x0000000008000de4                QUADSPI_IRQHandler
                0x0000000008000de4                DMA1_Stream6_IRQHandler
                0x0000000008000de4                DMA1_Stream1_IRQHandler
                0x0000000008000de4                UART4_IRQHandler
                0x0000000008000de4                TIM3_IRQHandler
                0x0000000008000de4                RCC_IRQHandler
                0x0000000008000de4                TIM8_BRK_TIM12_IRQHandler
                0x0000000008000de4                Default_Handler
                0x0000000008000de4                CEC_IRQHandler
                0x0000000008000de4                EXTI15_10_IRQHandler
                0x0000000008000de4                ADC_IRQHandler
                0x0000000008000de4                DMA1_Stream7_IRQHandler
                0x0000000008000de4                SPI5_IRQHandler
                0x0000000008000de4                TIM7_IRQHandler
                0x0000000008000de4                SDMMC1_IRQHandler
                0x0000000008000de4                CAN2_TX_IRQHandler
                0x0000000008000de4                TIM5_IRQHandler
                0x0000000008000de4                DMA2_Stream7_IRQHandler
                0x0000000008000de4                I2C3_EV_IRQHandler
                0x0000000008000de4                EXTI9_5_IRQHandler
                0x0000000008000de4                RTC_WKUP_IRQHandler
                0x0000000008000de4                LTDC_IRQHandler
                0x0000000008000de4                ETH_WKUP_IRQHandler
                0x0000000008000de4                SPDIF_RX_IRQHandler
                0x0000000008000de4                SPI2_IRQHandler
                0x0000000008000de4                OTG_HS_EP1_IN_IRQHandler
                0x0000000008000de4                DMA1_Stream0_IRQHandler
                0x0000000008000de4                CAN1_TX_IRQHandler
                0x0000000008000de4                EXTI4_IRQHandler
                0x0000000008000de4                RNG_IRQHandler
                0x0000000008000de4                ETH_IRQHandler
                0x0000000008000de4                OTG_HS_EP1_OUT_IRQHandler
                0x0000000008000de4                WWDG_IRQHandler
                0x0000000008000de4                SPI6_IRQHandler
                0x0000000008000de4                I2C4_EV_IRQHandler
                0x0000000008000de4                TIM2_IRQHandler
                0x0000000008000de4                OTG_FS_WKUP_IRQHandler
                0x0000000008000de4                TIM1_TRG_COM_TIM11_IRQHandler
                0x0000000008000de4                OTG_HS_IRQHandler
                0x0000000008000de4                DMA2D_IRQHandler
                0x0000000008000de4                EXTI1_IRQHandler
                0x0000000008000de4                UART7_IRQHandler
                0x0000000008000de4                USART2_IRQHandler
                0x0000000008000de4                I2C2_ER_IRQHandler
                0x0000000008000de4                DMA2_Stream1_IRQHandler
                0x0000000008000de4                CAN1_SCE_IRQHandler
                0x0000000008000de4                FLASH_IRQHandler
                0x0000000008000de4                DMA2_Stream4_IRQHandler
                0x0000000008000de4                USART1_IRQHandler
                0x0000000008000de4                OTG_FS_IRQHandler
                0x0000000008000de4                SPI3_IRQHandler
                0x0000000008000de4                DMA1_Stream4_IRQHandler
                0x0000000008000de4                FMC_IRQHandler
                0x0000000008000de4                LPTIM1_IRQHandler
                0x0000000008000de4                I2C4_ER_IRQHandler
                0x0000000008000de4                DMA2_Stream6_IRQHandler
                0x0000000008000de4                SAI1_IRQHandler
                0x0000000008000de4                DMA1_Stream3_IRQHandler
 .text.HAL_Init
                0x0000000008000de6       0x1a ./Drivers/STM32F7xx_HAL_Driver/Src/stm32f7xx_hal.o
                0x0000000008000de6                HAL_Init
 .text.HAL_InitTick
                0x0000000008000e00       0x60 ./Drivers/STM32F7xx_HAL_Driver/Src/stm32f7xx_hal.o
                0x0000000008000e00                HAL_InitTick
 .text.HAL_IncTick
                0x0000000008000e60       0x28 ./Drivers/STM32F7xx_HAL_Driver/Src/stm32f7xx_hal.o
                0x0000000008000e60                HAL_IncTick
 .text.HAL_GetTick
                0x0000000008000e88       0x18 ./Drivers/STM32F7xx_HAL_Driver/Src/stm32f7xx_hal.o
                0x0000000008000e88                HAL_GetTick
 .text.HAL_Delay
                0x0000000008000ea0       0x48 ./Drivers/STM32F7xx_HAL_Driver/Src/stm32f7xx_hal.o
                0x0000000008000ea0                HAL_Delay
 .text.__NVIC_SetPriorityGrouping
                0x0000000008000ee8       0x48 ./Drivers/STM32F7xx_HAL_Driver/Src/stm32f7xx_hal_cortex.o
 .text.__NVIC_GetPriorityGrouping
                0x0000000008000f30       0x1c ./Drivers/STM32F7xx_HAL_Driver/Src/stm32f7xx_hal_cortex.o
 .text.__NVIC_EnableIRQ
                0x0000000008000f4c       0x3c ./Drivers/STM32F7xx_HAL_Driver/Src/stm32f7xx_hal_cortex.o
 .text.__NVIC_SetPriority
                0x0000000008000f88       0x54 ./Drivers/STM32F7xx_HAL_Driver/Src/stm32f7xx_hal_cortex.o
 .text.NVIC_EncodePriority
                0x0000000008000fdc       0x66 ./Drivers/STM32F7xx_HAL_Driver/Src/stm32f7xx_hal_cortex.o
 *fill*         0x0000000008001042        0x2 
 .text.SysTick_Config
                0x0000000008001044       0x44 ./Drivers/STM32F7xx_HAL_Driver/Src/stm32f7xx_hal_cortex.o
 .text.HAL_NVIC_SetPriorityGrouping
                0x0000000008001088       0x16 ./Drivers/STM32F7xx_HAL_Driver/Src/stm32f7xx_hal_cortex.o
                0x0000000008001088                HAL_NVIC_SetPriorityGrouping
 .text.HAL_NVIC_SetPriority
                0x000000000800109e       0x38 ./Drivers/STM32F7xx_HAL_Driver/Src/stm32f7xx_hal_cortex.o
                0x000000000800109e                HAL_NVIC_SetPriority
 .text.HAL_NVIC_EnableIRQ
                0x00000000080010d6       0x1c ./Drivers/STM32F7xx_HAL_Driver/Src/stm32f7xx_hal_cortex.o
                0x00000000080010d6                HAL_NVIC_EnableIRQ
 .text.HAL_SYSTICK_Config
                0x00000000080010f2       0x18 ./Drivers/STM32F7xx_HAL_Driver/Src/stm32f7xx_hal_cortex.o
                0x00000000080010f2                HAL_SYSTICK_Config
 .text.HAL_DMA_Abort_IT
                0x000000000800110a       0x44 ./Drivers/STM32F7xx_HAL_Driver/Src/stm32f7xx_hal_dma.o
                0x000000000800110a                HAL_DMA_Abort_IT
 .text.HAL_DMA_GetState
                0x000000000800114e       0x1c ./Drivers/STM32F7xx_HAL_Driver/Src/stm32f7xx_hal_dma.o
                0x000000000800114e                HAL_DMA_GetState
 *fill*         0x000000000800116a        0x2 
 .text.HAL_GPIO_Init
                0x000000000800116c      0x358 ./Drivers/STM32F7xx_HAL_Driver/Src/stm32f7xx_hal_gpio.o
                0x000000000800116c                HAL_GPIO_Init
 .text.HAL_I2C_Init
                0x00000000080014c4      0x138 ./Drivers/STM32F7xx_HAL_Driver/Src/stm32f7xx_hal_i2c.o
                0x00000000080014c4                HAL_I2C_Init
 .text.HAL_I2C_Master_Transmit
                0x00000000080015fc      0x230 ./Drivers/STM32F7xx_HAL_Driver/Src/stm32f7xx_hal_i2c.o
                0x00000000080015fc                HAL_I2C_Master_Transmit
 .text.HAL_I2C_Master_Receive
                0x000000000800182c      0x1ec ./Drivers/STM32F7xx_HAL_Driver/Src/stm32f7xx_hal_i2c.o
                0x000000000800182c                HAL_I2C_Master_Receive
 .text.HAL_I2C_Slave_Transmit_IT
                0x0000000008001a18       0xdc ./Drivers/STM32F7xx_HAL_Driver/Src/stm32f7xx_hal_i2c.o
                0x0000000008001a18                HAL_I2C_Slave_Transmit_IT
 .text.HAL_I2C_Slave_Receive_IT
                0x0000000008001af4       0xa0 ./Drivers/STM32F7xx_HAL_Driver/Src/stm32f7xx_hal_i2c.o
                0x0000000008001af4                HAL_I2C_Slave_Receive_IT
 .text.HAL_I2C_Slave_Seq_Transmit_IT
                0x0000000008001b94      0x164 ./Drivers/STM32F7xx_HAL_Driver/Src/stm32f7xx_hal_i2c.o
                0x0000000008001b94                HAL_I2C_Slave_Seq_Transmit_IT
 .text.HAL_I2C_EnableListen_IT
                0x0000000008001cf8       0x40 ./Drivers/STM32F7xx_HAL_Driver/Src/stm32f7xx_hal_i2c.o
                0x0000000008001cf8                HAL_I2C_EnableListen_IT
 .text.HAL_I2C_EV_IRQHandler
                0x0000000008001d38       0x34 ./Drivers/STM32F7xx_HAL_Driver/Src/stm32f7xx_hal_i2c.o
                0x0000000008001d38                HAL_I2C_EV_IRQHandler
 .text.HAL_I2C_ER_IRQHandler
                0x0000000008001d6c       0xb6 ./Drivers/STM32F7xx_HAL_Driver/Src/stm32f7xx_hal_i2c.o
                0x0000000008001d6c                HAL_I2C_ER_IRQHandler
 .text.HAL_I2C_MasterTxCpltCallback
                0x0000000008001e22       0x14 ./Drivers/STM32F7xx_HAL_Driver/Src/stm32f7xx_hal_i2c.o
                0x0000000008001e22                HAL_I2C_MasterTxCpltCallback
 .text.HAL_I2C_MasterRxCpltCallback
                0x0000000008001e36       0x14 ./Drivers/STM32F7xx_HAL_Driver/Src/stm32f7xx_hal_i2c.o
                0x0000000008001e36                HAL_I2C_MasterRxCpltCallback
 .text.HAL_I2C_SlaveTxCpltCallback
                0x0000000008001e4a       0x14 ./Drivers/STM32F7xx_HAL_Driver/Src/stm32f7xx_hal_i2c.o
                0x0000000008001e4a                HAL_I2C_SlaveTxCpltCallback
 .text.HAL_I2C_MemTxCpltCallback
                0x0000000008001e5e       0x14 ./Drivers/STM32F7xx_HAL_Driver/Src/stm32f7xx_hal_i2c.o
                0x0000000008001e5e                HAL_I2C_MemTxCpltCallback
 .text.HAL_I2C_MemRxCpltCallback
                0x0000000008001e72       0x14 ./Drivers/STM32F7xx_HAL_Driver/Src/stm32f7xx_hal_i2c.o
                0x0000000008001e72                HAL_I2C_MemRxCpltCallback
 .text.HAL_I2C_AbortCpltCallback
                0x0000000008001e86       0x14 ./Drivers/STM32F7xx_HAL_Driver/Src/stm32f7xx_hal_i2c.o
                0x0000000008001e86                HAL_I2C_AbortCpltCallback
 .text.I2C_Slave_ISR_IT
                0x0000000008001e9a      0x1f2 ./Drivers/STM32F7xx_HAL_Driver/Src/stm32f7xx_hal_i2c.o
 .text.I2C_Master_ISR_DMA
                0x000000000800208c      0x1f2 ./Drivers/STM32F7xx_HAL_Driver/Src/stm32f7xx_hal_i2c.o
 *fill*         0x000000000800227e        0x2 
 .text.I2C_Mem_ISR_DMA
                0x0000000008002280      0x288 ./Drivers/STM32F7xx_HAL_Driver/Src/stm32f7xx_hal_i2c.o
 .text.I2C_Slave_ISR_DMA
                0x0000000008002508      0x1ae ./Drivers/STM32F7xx_HAL_Driver/Src/stm32f7xx_hal_i2c.o
 .text.I2C_ITAddrCplt
                0x00000000080026b6      0x108 ./Drivers/STM32F7xx_HAL_Driver/Src/stm32f7xx_hal_i2c.o
 .text.I2C_ITMasterSeqCplt
                0x00000000080027be       0x7a ./Drivers/STM32F7xx_HAL_Driver/Src/stm32f7xx_hal_i2c.o
 .text.I2C_ITSlaveSeqCplt
                0x0000000008002838       0xb8 ./Drivers/STM32F7xx_HAL_Driver/Src/stm32f7xx_hal_i2c.o
 .text.I2C_ITMasterCplt
                0x00000000080028f0      0x190 ./Drivers/STM32F7xx_HAL_Driver/Src/stm32f7xx_hal_i2c.o
 .text.I2C_ITSlaveCplt
                0x0000000008002a80      0x2c8 ./Drivers/STM32F7xx_HAL_Driver/Src/stm32f7xx_hal_i2c.o
 .text.I2C_ITListenCplt
                0x0000000008002d48       0xa8 ./Drivers/STM32F7xx_HAL_Driver/Src/stm32f7xx_hal_i2c.o
 .text.I2C_ITError
                0x0000000008002df0      0x1e0 ./Drivers/STM32F7xx_HAL_Driver/Src/stm32f7xx_hal_i2c.o
 .text.I2C_TreatErrorCallback
                0x0000000008002fd0       0x4e ./Drivers/STM32F7xx_HAL_Driver/Src/stm32f7xx_hal_i2c.o
 .text.I2C_Flush_TXDR
                0x000000000800301e       0x48 ./Drivers/STM32F7xx_HAL_Driver/Src/stm32f7xx_hal_i2c.o
 .text.I2C_DMAAbort
                0x0000000008003066       0x3c ./Drivers/STM32F7xx_HAL_Driver/Src/stm32f7xx_hal_i2c.o
 .text.I2C_WaitOnFlagUntilTimeout
                0x00000000080030a2       0xb2 ./Drivers/STM32F7xx_HAL_Driver/Src/stm32f7xx_hal_i2c.o
 .text.I2C_WaitOnTXISFlagUntilTimeout
                0x0000000008003154       0x8e ./Drivers/STM32F7xx_HAL_Driver/Src/stm32f7xx_hal_i2c.o
 .text.I2C_WaitOnSTOPFlagUntilTimeout
                0x00000000080031e2       0x86 ./Drivers/STM32F7xx_HAL_Driver/Src/stm32f7xx_hal_i2c.o
 .text.I2C_WaitOnRXNEFlagUntilTimeout
                0x0000000008003268      0x118 ./Drivers/STM32F7xx_HAL_Driver/Src/stm32f7xx_hal_i2c.o
 .text.I2C_IsErrorOccurred
                0x0000000008003380      0x1c0 ./Drivers/STM32F7xx_HAL_Driver/Src/stm32f7xx_hal_i2c.o
 .text.I2C_TransferConfig
                0x0000000008003540       0x64 ./Drivers/STM32F7xx_HAL_Driver/Src/stm32f7xx_hal_i2c.o
 .text.I2C_Enable_IRQ
                0x00000000080035a4      0x108 ./Drivers/STM32F7xx_HAL_Driver/Src/stm32f7xx_hal_i2c.o
 .text.I2C_Disable_IRQ
                0x00000000080036ac       0xbc ./Drivers/STM32F7xx_HAL_Driver/Src/stm32f7xx_hal_i2c.o
 .text.HAL_I2CEx_ConfigAnalogFilter
                0x0000000008003768       0x96 ./Drivers/STM32F7xx_HAL_Driver/Src/stm32f7xx_hal_i2c_ex.o
                0x0000000008003768                HAL_I2CEx_ConfigAnalogFilter
 .text.HAL_I2CEx_ConfigDigitalFilter
                0x00000000080037fe       0x98 ./Drivers/STM32F7xx_HAL_Driver/Src/stm32f7xx_hal_i2c_ex.o
                0x00000000080037fe                HAL_I2CEx_ConfigDigitalFilter
 *fill*         0x0000000008003896        0x2 
 .text.HAL_RCC_OscConfig
                0x0000000008003898      0x548 ./Drivers/STM32F7xx_HAL_Driver/Src/stm32f7xx_hal_rcc.o
                0x0000000008003898                HAL_RCC_OscConfig
 .text.HAL_RCC_ClockConfig
                0x0000000008003de0      0x1d8 ./Drivers/STM32F7xx_HAL_Driver/Src/stm32f7xx_hal_rcc.o
                0x0000000008003de0                HAL_RCC_ClockConfig
 .text.HAL_RCC_GetSysClockFreq
                0x0000000008003fb8      0x20c ./Drivers/STM32F7xx_HAL_Driver/Src/stm32f7xx_hal_rcc.o
                0x0000000008003fb8                HAL_RCC_GetSysClockFreq
 .text.HAL_RCC_GetHCLKFreq
                0x00000000080041c4       0x18 ./Drivers/STM32F7xx_HAL_Driver/Src/stm32f7xx_hal_rcc.o
                0x00000000080041c4                HAL_RCC_GetHCLKFreq
 .text.HAL_RCC_GetPCLK1Freq
                0x00000000080041dc       0x28 ./Drivers/STM32F7xx_HAL_Driver/Src/stm32f7xx_hal_rcc.o
                0x00000000080041dc                HAL_RCC_GetPCLK1Freq
 .text.HAL_RCC_GetPCLK2Freq
                0x0000000008004204       0x28 ./Drivers/STM32F7xx_HAL_Driver/Src/stm32f7xx_hal_rcc.o
                0x0000000008004204                HAL_RCC_GetPCLK2Freq
 .text.HAL_RCCEx_PeriphCLKConfig
                0x000000000800422c      0x7e0 ./Drivers/STM32F7xx_HAL_Driver/Src/stm32f7xx_hal_rcc_ex.o
                0x000000000800422c                HAL_RCCEx_PeriphCLKConfig
 .text.HAL_UART_Init
                0x0000000008004a0c       0x9c ./Drivers/STM32F7xx_HAL_Driver/Src/stm32f7xx_hal_uart.o
                0x0000000008004a0c                HAL_UART_Init
 .text.HAL_UART_Transmit
                0x0000000008004aa8      0x112 ./Drivers/STM32F7xx_HAL_Driver/Src/stm32f7xx_hal_uart.o
                0x0000000008004aa8                HAL_UART_Transmit
 *fill*         0x0000000008004bba        0x2 
 .text.UART_SetConfig
                0x0000000008004bbc      0x4c8 ./Drivers/STM32F7xx_HAL_Driver/Src/stm32f7xx_hal_uart.o
                0x0000000008004bbc                UART_SetConfig
 .text.UART_AdvFeatureConfig
                0x0000000008005084      0x144 ./Drivers/STM32F7xx_HAL_Driver/Src/stm32f7xx_hal_uart.o
                0x0000000008005084                UART_AdvFeatureConfig
 .text.UART_CheckIdleState
                0x00000000080051c8       0xae ./Drivers/STM32F7xx_HAL_Driver/Src/stm32f7xx_hal_uart.o
                0x00000000080051c8                UART_CheckIdleState
 .text.UART_WaitOnFlagUntilTimeout
                0x0000000008005276       0xda ./Drivers/STM32F7xx_HAL_Driver/Src/stm32f7xx_hal_uart.o
                0x0000000008005276                UART_WaitOnFlagUntilTimeout
 .text.UART_EndRxTransfer
                0x0000000008005350       0xc8 ./Drivers/STM32F7xx_HAL_Driver/Src/stm32f7xx_hal_uart.o
 .text.std      0x0000000008005418       0x6c /opt/st/stm32cubeide_1.14.0/plugins/com.st.stm32cube.ide.mcu.externaltools.gnu-tools-for-stm32.11.3.rel1.linux64_1.1.100.202309141235/tools/bin/../lib/gcc/arm-none-eabi/11.3.1/../../../../arm-none-eabi/lib/thumb/v7e-m+fp/hard/libc_nano.a(libc_a-findfp.o)
 .text.stdio_exit_handler
                0x0000000008005484       0x18 /opt/st/stm32cubeide_1.14.0/plugins/com.st.stm32cube.ide.mcu.externaltools.gnu-tools-for-stm32.11.3.rel1.linux64_1.1.100.202309141235/tools/bin/../lib/gcc/arm-none-eabi/11.3.1/../../../../arm-none-eabi/lib/thumb/v7e-m+fp/hard/libc_nano.a(libc_a-findfp.o)
 .text.cleanup_stdio
                0x000000000800549c       0x40 /opt/st/stm32cubeide_1.14.0/plugins/com.st.stm32cube.ide.mcu.externaltools.gnu-tools-for-stm32.11.3.rel1.linux64_1.1.100.202309141235/tools/bin/../lib/gcc/arm-none-eabi/11.3.1/../../../../arm-none-eabi/lib/thumb/v7e-m+fp/hard/libc_nano.a(libc_a-findfp.o)
 .text.global_stdio_init.part.0
                0x00000000080054dc       0x3c /opt/st/stm32cubeide_1.14.0/plugins/com.st.stm32cube.ide.mcu.externaltools.gnu-tools-for-stm32.11.3.rel1.linux64_1.1.100.202309141235/tools/bin/../lib/gcc/arm-none-eabi/11.3.1/../../../../arm-none-eabi/lib/thumb/v7e-m+fp/hard/libc_nano.a(libc_a-findfp.o)
 .text.__sfp_lock_acquire
                0x0000000008005518        0xc /opt/st/stm32cubeide_1.14.0/plugins/com.st.stm32cube.ide.mcu.externaltools.gnu-tools-for-stm32.11.3.rel1.linux64_1.1.100.202309141235/tools/bin/../lib/gcc/arm-none-eabi/11.3.1/../../../../arm-none-eabi/lib/thumb/v7e-m+fp/hard/libc_nano.a(libc_a-findfp.o)
                0x0000000008005518                __sfp_lock_acquire
 .text.__sfp_lock_release
                0x0000000008005524        0xc /opt/st/stm32cubeide_1.14.0/plugins/com.st.stm32cube.ide.mcu.externaltools.gnu-tools-for-stm32.11.3.rel1.linux64_1.1.100.202309141235/tools/bin/../lib/gcc/arm-none-eabi/11.3.1/../../../../arm-none-eabi/lib/thumb/v7e-m+fp/hard/libc_nano.a(libc_a-findfp.o)
                0x0000000008005524                __sfp_lock_release
 .text.__sinit  0x0000000008005530       0x30 /opt/st/stm32cubeide_1.14.0/plugins/com.st.stm32cube.ide.mcu.externaltools.gnu-tools-for-stm32.11.3.rel1.linux64_1.1.100.202309141235/tools/bin/../lib/gcc/arm-none-eabi/11.3.1/../../../../arm-none-eabi/lib/thumb/v7e-m+fp/hard/libc_nano.a(libc_a-findfp.o)
                0x0000000008005530                __sinit
 .text._fwalk_sglue
                0x0000000008005560       0x3c /opt/st/stm32cubeide_1.14.0/plugins/com.st.stm32cube.ide.mcu.externaltools.gnu-tools-for-stm32.11.3.rel1.linux64_1.1.100.202309141235/tools/bin/../lib/gcc/arm-none-eabi/11.3.1/../../../../arm-none-eabi/lib/thumb/v7e-m+fp/hard/libc_nano.a(libc_a-fwalk.o)
                0x0000000008005560                _fwalk_sglue
 .text.printf   0x000000000800559c       0x24 /opt/st/stm32cubeide_1.14.0/plugins/com.st.stm32cube.ide.mcu.externaltools.gnu-tools-for-stm32.11.3.rel1.linux64_1.1.100.202309141235/tools/bin/../lib/gcc/arm-none-eabi/11.3.1/../../../../arm-none-eabi/lib/thumb/v7e-m+fp/hard/libc_nano.a(libc_a-printf.o)
                0x000000000800559c                printf
                0x000000000800559c                iprintf
 .text._puts_r  0x00000000080055c0       0xa8 /opt/st/stm32cubeide_1.14.0/plugins/com.st.stm32cube.ide.mcu.externaltools.gnu-tools-for-stm32.11.3.rel1.linux64_1.1.100.202309141235/tools/bin/../lib/gcc/arm-none-eabi/11.3.1/../../../../arm-none-eabi/lib/thumb/v7e-m+fp/hard/libc_nano.a(libc_a-puts.o)
                0x00000000080055c0                _puts_r
 .text.puts     0x0000000008005668       0x10 /opt/st/stm32cubeide_1.14.0/plugins/com.st.stm32cube.ide.mcu.externaltools.gnu-tools-for-stm32.11.3.rel1.linux64_1.1.100.202309141235/tools/bin/../lib/gcc/arm-none-eabi/11.3.1/../../../../arm-none-eabi/lib/thumb/v7e-m+fp/hard/libc_nano.a(libc_a-puts.o)
                0x0000000008005668                puts
 .text.__sread  0x0000000008005678       0x22 /opt/st/stm32cubeide_1.14.0/plugins/com.st.stm32cube.ide.mcu.externaltools.gnu-tools-for-stm32.11.3.rel1.linux64_1.1.100.202309141235/tools/bin/../lib/gcc/arm-none-eabi/11.3.1/../../../../arm-none-eabi/lib/thumb/v7e-m+fp/hard/libc_nano.a(libc_a-stdio.o)
                0x0000000008005678                __sread
 .text.__swrite
                0x000000000800569a       0x38 /opt/st/stm32cubeide_1.14.0/plugins/com.st.stm32cube.ide.mcu.externaltools.gnu-tools-for-stm32.11.3.rel1.linux64_1.1.100.202309141235/tools/bin/../lib/gcc/arm-none-eabi/11.3.1/../../../../arm-none-eabi/lib/thumb/v7e-m+fp/hard/libc_nano.a(libc_a-stdio.o)
                0x000000000800569a                __swrite
 .text.__sseek  0x00000000080056d2       0x24 /opt/st/stm32cubeide_1.14.0/plugins/com.st.stm32cube.ide.mcu.externaltools.gnu-tools-for-stm32.11.3.rel1.linux64_1.1.100.202309141235/tools/bin/../lib/gcc/arm-none-eabi/11.3.1/../../../../arm-none-eabi/lib/thumb/v7e-m+fp/hard/libc_nano.a(libc_a-stdio.o)
                0x00000000080056d2                __sseek
 .text.__sclose
                0x00000000080056f6        0x8 /opt/st/stm32cubeide_1.14.0/plugins/com.st.stm32cube.ide.mcu.externaltools.gnu-tools-for-stm32.11.3.rel1.linux64_1.1.100.202309141235/tools/bin/../lib/gcc/arm-none-eabi/11.3.1/../../../../arm-none-eabi/lib/thumb/v7e-m+fp/hard/libc_nano.a(libc_a-stdio.o)
                0x00000000080056f6                __sclose
 .text.__swbuf_r
                0x00000000080056fe       0x7a /opt/st/stm32cubeide_1.14.0/plugins/com.st.stm32cube.ide.mcu.externaltools.gnu-tools-for-stm32.11.3.rel1.linux64_1.1.100.202309141235/tools/bin/../lib/gcc/arm-none-eabi/11.3.1/../../../../arm-none-eabi/lib/thumb/v7e-m+fp/hard/libc_nano.a(libc_a-wbuf.o)
                0x00000000080056fe                __swbuf_r
 .text.__swsetup_r
                0x0000000008005778       0xb0 /opt/st/stm32cubeide_1.14.0/plugins/com.st.stm32cube.ide.mcu.externaltools.gnu-tools-for-stm32.11.3.rel1.linux64_1.1.100.202309141235/tools/bin/../lib/gcc/arm-none-eabi/11.3.1/../../../../arm-none-eabi/lib/thumb/v7e-m+fp/hard/libc_nano.a(libc_a-wsetup.o)
                0x0000000008005778                __swsetup_r
 .text.memset   0x0000000008005828       0x10 /opt/st/stm32cubeide_1.14.0/plugins/com.st.stm32cube.ide.mcu.externaltools.gnu-tools-for-stm32.11.3.rel1.linux64_1.1.100.202309141235/tools/bin/../lib/gcc/arm-none-eabi/11.3.1/../../../../arm-none-eabi/lib/thumb/v7e-m+fp/hard/libc_nano.a(libc_a-memset.o)
                0x0000000008005828                memset
 .text._close_r
                0x0000000008005838       0x20 /opt/st/stm32cubeide_1.14.0/plugins/com.st.stm32cube.ide.mcu.externaltools.gnu-tools-for-stm32.11.3.rel1.linux64_1.1.100.202309141235/tools/bin/../lib/gcc/arm-none-eabi/11.3.1/../../../../arm-none-eabi/lib/thumb/v7e-m+fp/hard/libc_nano.a(libc_a-closer.o)
                0x0000000008005838                _close_r
 .text._lseek_r
                0x0000000008005858       0x24 /opt/st/stm32cubeide_1.14.0/plugins/com.st.stm32cube.ide.mcu.externaltools.gnu-tools-for-stm32.11.3.rel1.linux64_1.1.100.202309141235/tools/bin/../lib/gcc/arm-none-eabi/11.3.1/../../../../arm-none-eabi/lib/thumb/v7e-m+fp/hard/libc_nano.a(libc_a-lseekr.o)
                0x0000000008005858                _lseek_r
 .text._read_r  0x000000000800587c       0x24 /opt/st/stm32cubeide_1.14.0/plugins/com.st.stm32cube.ide.mcu.externaltools.gnu-tools-for-stm32.11.3.rel1.linux64_1.1.100.202309141235/tools/bin/../lib/gcc/arm-none-eabi/11.3.1/../../../../arm-none-eabi/lib/thumb/v7e-m+fp/hard/libc_nano.a(libc_a-readr.o)
                0x000000000800587c                _read_r
 .text._write_r
                0x00000000080058a0       0x24 /opt/st/stm32cubeide_1.14.0/plugins/com.st.stm32cube.ide.mcu.externaltools.gnu-tools-for-stm32.11.3.rel1.linux64_1.1.100.202309141235/tools/bin/../lib/gcc/arm-none-eabi/11.3.1/../../../../arm-none-eabi/lib/thumb/v7e-m+fp/hard/libc_nano.a(libc_a-writer.o)
                0x00000000080058a0                _write_r
 .text.__errno  0x00000000080058c4        0xc /opt/st/stm32cubeide_1.14.0/plugins/com.st.stm32cube.ide.mcu.externaltools.gnu-tools-for-stm32.11.3.rel1.linux64_1.1.100.202309141235/tools/bin/../lib/gcc/arm-none-eabi/11.3.1/../../../../arm-none-eabi/lib/thumb/v7e-m+fp/hard/libc_nano.a(libc_a-errno.o)
                0x00000000080058c4                __errno
 .text.__libc_init_array
                0x00000000080058d0       0x48 /opt/st/stm32cubeide_1.14.0/plugins/com.st.stm32cube.ide.mcu.externaltools.gnu-tools-for-stm32.11.3.rel1.linux64_1.1.100.202309141235/tools/bin/../lib/gcc/arm-none-eabi/11.3.1/../../../../arm-none-eabi/lib/thumb/v7e-m+fp/hard/libc_nano.a(libc_a-init.o)
                0x00000000080058d0                __libc_init_array
 .text.__retarget_lock_init_recursive
                0x0000000008005918        0x2 /opt/st/stm32cubeide_1.14.0/plugins/com.st.stm32cube.ide.mcu.externaltools.gnu-tools-for-stm32.11.3.rel1.linux64_1.1.100.202309141235/tools/bin/../lib/gcc/arm-none-eabi/11.3.1/../../../../arm-none-eabi/lib/thumb/v7e-m+fp/hard/libc_nano.a(libc_a-lock.o)
                0x0000000008005918                __retarget_lock_init_recursive
 .text.__retarget_lock_acquire_recursive
                0x000000000800591a        0x2 /opt/st/stm32cubeide_1.14.0/plugins/com.st.stm32cube.ide.mcu.externaltools.gnu-tools-for-stm32.11.3.rel1.linux64_1.1.100.202309141235/tools/bin/../lib/gcc/arm-none-eabi/11.3.1/../../../../arm-none-eabi/lib/thumb/v7e-m+fp/hard/libc_nano.a(libc_a-lock.o)
                0x000000000800591a                __retarget_lock_acquire_recursive
 .text.__retarget_lock_release_recursive
                0x000000000800591c        0x2 /opt/st/stm32cubeide_1.14.0/plugins/com.st.stm32cube.ide.mcu.externaltools.gnu-tools-for-stm32.11.3.rel1.linux64_1.1.100.202309141235/tools/bin/../lib/gcc/arm-none-eabi/11.3.1/../../../../arm-none-eabi/lib/thumb/v7e-m+fp/hard/libc_nano.a(libc_a-lock.o)
                0x000000000800591c                __retarget_lock_release_recursive
 *fill*         0x000000000800591e        0x2 
 .text._free_r  0x0000000008005920       0x98 /opt/st/stm32cubeide_1.14.0/plugins/com.st.stm32cube.ide.mcu.externaltools.gnu-tools-for-stm32.11.3.rel1.linux64_1.1.100.202309141235/tools/bin/../lib/gcc/arm-none-eabi/11.3.1/../../../../arm-none-eabi/lib/thumb/v7e-m+fp/hard/libc_nano.a(libc_a-freer.o)
                0x0000000008005920                _free_r
 .text.sbrk_aligned
                0x00000000080059b8       0x40 /opt/st/stm32cubeide_1.14.0/plugins/com.st.stm32cube.ide.mcu.externaltools.gnu-tools-for-stm32.11.3.rel1.linux64_1.1.100.202309141235/tools/bin/../lib/gcc/arm-none-eabi/11.3.1/../../../../arm-none-eabi/lib/thumb/v7e-m+fp/hard/libc_nano.a(libc_a-mallocr.o)
 .text._malloc_r
                0x00000000080059f8      0x100 /opt/st/stm32cubeide_1.14.0/plugins/com.st.stm32cube.ide.mcu.externaltools.gnu-tools-for-stm32.11.3.rel1.linux64_1.1.100.202309141235/tools/bin/../lib/gcc/arm-none-eabi/11.3.1/../../../../arm-none-eabi/lib/thumb/v7e-m+fp/hard/libc_nano.a(libc_a-mallocr.o)
                0x00000000080059f8                _malloc_r
 .text.__malloc_lock
                0x0000000008005af8        0xc /opt/st/stm32cubeide_1.14.0/plugins/com.st.stm32cube.ide.mcu.externaltools.gnu-tools-for-stm32.11.3.rel1.linux64_1.1.100.202309141235/tools/bin/../lib/gcc/arm-none-eabi/11.3.1/../../../../arm-none-eabi/lib/thumb/v7e-m+fp/hard/libc_nano.a(libc_a-mlock.o)
                0x0000000008005af8                __malloc_lock
 .text.__malloc_unlock
                0x0000000008005b04        0xc /opt/st/stm32cubeide_1.14.0/plugins/com.st.stm32cube.ide.mcu.externaltools.gnu-tools-for-stm32.11.3.rel1.linux64_1.1.100.202309141235/tools/bin/../lib/gcc/arm-none-eabi/11.3.1/../../../../arm-none-eabi/lib/thumb/v7e-m+fp/hard/libc_nano.a(libc_a-mlock.o)
                0x0000000008005b04                __malloc_unlock
 .text.__sfputc_r
                0x0000000008005b10       0x2e /opt/st/stm32cubeide_1.14.0/plugins/com.st.stm32cube.ide.mcu.externaltools.gnu-tools-for-stm32.11.3.rel1.linux64_1.1.100.202309141235/tools/bin/../lib/gcc/arm-none-eabi/11.3.1/../../../../arm-none-eabi/lib/thumb/v7e-m+fp/hard/libc_nano.a(libc_a-nano-vfprintf.o)
 .text.__sfputs_r
                0x0000000008005b3e       0x24 /opt/st/stm32cubeide_1.14.0/plugins/com.st.stm32cube.ide.mcu.externaltools.gnu-tools-for-stm32.11.3.rel1.linux64_1.1.100.202309141235/tools/bin/../lib/gcc/arm-none-eabi/11.3.1/../../../../arm-none-eabi/lib/thumb/v7e-m+fp/hard/libc_nano.a(libc_a-nano-vfprintf.o)
                0x0000000008005b3e                __sfputs_r
 *fill*         0x0000000008005b62        0x2 
 .text._vfprintf_r
                0x0000000008005b64      0x234 /opt/st/stm32cubeide_1.14.0/plugins/com.st.stm32cube.ide.mcu.externaltools.gnu-tools-for-stm32.11.3.rel1.linux64_1.1.100.202309141235/tools/bin/../lib/gcc/arm-none-eabi/11.3.1/../../../../arm-none-eabi/lib/thumb/v7e-m+fp/hard/libc_nano.a(libc_a-nano-vfprintf.o)
                0x0000000008005b64                _vfiprintf_r
                0x0000000008005b64                _vfprintf_r
 .text._printf_common
                0x0000000008005d98       0xda /opt/st/stm32cubeide_1.14.0/plugins/com.st.stm32cube.ide.mcu.externaltools.gnu-tools-for-stm32.11.3.rel1.linux64_1.1.100.202309141235/tools/bin/../lib/gcc/arm-none-eabi/11.3.1/../../../../arm-none-eabi/lib/thumb/v7e-m+fp/hard/libc_nano.a(libc_a-nano-vfprintf_i.o)
                0x0000000008005d98                _printf_common
 *fill*         0x0000000008005e72        0x2 
 .text._printf_i
                0x0000000008005e74      0x244 /opt/st/stm32cubeide_1.14.0/plugins/com.st.stm32cube.ide.mcu.externaltools.gnu-tools-for-stm32.11.3.rel1.linux64_1.1.100.202309141235/tools/bin/../lib/gcc/arm-none-eabi/11.3.1/../../../../arm-none-eabi/lib/thumb/v7e-m+fp/hard/libc_nano.a(libc_a-nano-vfprintf_i.o)
                0x0000000008005e74                _printf_i
 .text.__sflush_r
                0x00000000080060b8      0x10c /opt/st/stm32cubeide_1.14.0/plugins/com.st.stm32cube.ide.mcu.externaltools.gnu-tools-for-stm32.11.3.rel1.linux64_1.1.100.202309141235/tools/bin/../lib/gcc/arm-none-eabi/11.3.1/../../../../arm-none-eabi/lib/thumb/v7e-m+fp/hard/libc_nano.a(libc_a-fflush.o)
                0x00000000080060b8                __sflush_r
 .text._fflush_r
                0x00000000080061c4       0x50 /opt/st/stm32cubeide_1.14.0/plugins/com.st.stm32cube.ide.mcu.externaltools.gnu-tools-for-stm32.11.3.rel1.linux64_1.1.100.202309141235/tools/bin/../lib/gcc/arm-none-eabi/11.3.1/../../../../arm-none-eabi/lib/thumb/v7e-m+fp/hard/libc_nano.a(libc_a-fflush.o)
                0x00000000080061c4                _fflush_r
 .text.__swhatbuf_r
                0x0000000008006214       0x4c /opt/st/stm32cubeide_1.14.0/plugins/com.st.stm32cube.ide.mcu.externaltools.gnu-tools-for-stm32.11.3.rel1.linux64_1.1.100.202309141235/tools/bin/../lib/gcc/arm-none-eabi/11.3.1/../../../../arm-none-eabi/lib/thumb/v7e-m+fp/hard/libc_nano.a(libc_a-makebuf.o)
                0x0000000008006214                __swhatbuf_r
 .text.__smakebuf_r
                0x0000000008006260       0x78 /opt/st/stm32cubeide_1.14.0/plugins/com.st.stm32cube.ide.mcu.externaltools.gnu-tools-for-stm32.11.3.rel1.linux64_1.1.100.202309141235/tools/bin/../lib/gcc/arm-none-eabi/11.3.1/../../../../arm-none-eabi/lib/thumb/v7e-m+fp/hard/libc_nano.a(libc_a-makebuf.o)
                0x0000000008006260                __smakebuf_r
 .text._fstat_r
                0x00000000080062d8       0x24 /opt/st/stm32cubeide_1.14.0/plugins/com.st.stm32cube.ide.mcu.externaltools.gnu-tools-for-stm32.11.3.rel1.linux64_1.1.100.202309141235/tools/bin/../lib/gcc/arm-none-eabi/11.3.1/../../../../arm-none-eabi/lib/thumb/v7e-m+fp/hard/libc_nano.a(libc_a-fstatr.o)
                0x00000000080062d8                _fstat_r
 .text._isatty_r
                0x00000000080062fc       0x20 /opt/st/stm32cubeide_1.14.0/plugins/com.st.stm32cube.ide.mcu.externaltools.gnu-tools-for-stm32.11.3.rel1.linux64_1.1.100.202309141235/tools/bin/../lib/gcc/arm-none-eabi/11.3.1/../../../../arm-none-eabi/lib/thumb/v7e-m+fp/hard/libc_nano.a(libc_a-isattyr.o)
                0x00000000080062fc                _isatty_r
 .text._sbrk_r  0x000000000800631c       0x20 /opt/st/stm32cubeide_1.14.0/plugins/com.st.stm32cube.ide.mcu.externaltools.gnu-tools-for-stm32.11.3.rel1.linux64_1.1.100.202309141235/tools/bin/../lib/gcc/arm-none-eabi/11.3.1/../../../../arm-none-eabi/lib/thumb/v7e-m+fp/hard/libc_nano.a(libc_a-sbrkr.o)
                0x000000000800631c                _sbrk_r
 *(.glue_7)
 .glue_7        0x000000000800633c        0x0 linker stubs
 *(.glue_7t)
 .glue_7t       0x000000000800633c        0x0 linker stubs
 *(.eh_frame)
 .eh_frame      0x000000000800633c        0x0 /opt/st/stm32cubeide_1.14.0/plugins/com.st.stm32cube.ide.mcu.externaltools.gnu-tools-for-stm32.11.3.rel1.linux64_1.1.100.202309141235/tools/bin/../lib/gcc/arm-none-eabi/11.3.1/thumb/v7e-m+fp/hard/crtbegin.o
 *(.init)
 .init          0x000000000800633c        0x4 /opt/st/stm32cubeide_1.14.0/plugins/com.st.stm32cube.ide.mcu.externaltools.gnu-tools-for-stm32.11.3.rel1.linux64_1.1.100.202309141235/tools/bin/../lib/gcc/arm-none-eabi/11.3.1/thumb/v7e-m+fp/hard/crti.o
                0x000000000800633c                _init
 .init          0x0000000008006340        0x8 /opt/st/stm32cubeide_1.14.0/plugins/com.st.stm32cube.ide.mcu.externaltools.gnu-tools-for-stm32.11.3.rel1.linux64_1.1.100.202309141235/tools/bin/../lib/gcc/arm-none-eabi/11.3.1/thumb/v7e-m+fp/hard/crtn.o
 *(.fini)
 .fini          0x0000000008006348        0x4 /opt/st/stm32cubeide_1.14.0/plugins/com.st.stm32cube.ide.mcu.externaltools.gnu-tools-for-stm32.11.3.rel1.linux64_1.1.100.202309141235/tools/bin/../lib/gcc/arm-none-eabi/11.3.1/thumb/v7e-m+fp/hard/crti.o
                0x0000000008006348                _fini
 .fini          0x000000000800634c        0x8 /opt/st/stm32cubeide_1.14.0/plugins/com.st.stm32cube.ide.mcu.externaltools.gnu-tools-for-stm32.11.3.rel1.linux64_1.1.100.202309141235/tools/bin/../lib/gcc/arm-none-eabi/11.3.1/thumb/v7e-m+fp/hard/crtn.o
                0x0000000008006354                . = ALIGN (0x4)
                0x0000000008006354                _etext = .

.vfp11_veneer   0x0000000008006354        0x0
 .vfp11_veneer  0x0000000008006354        0x0 linker stubs

.v4_bx          0x0000000008006354        0x0
 .v4_bx         0x0000000008006354        0x0 linker stubs

.iplt           0x0000000008006354        0x0
 .iplt          0x0000000008006354        0x0 /opt/st/stm32cubeide_1.14.0/plugins/com.st.stm32cube.ide.mcu.externaltools.gnu-tools-for-stm32.11.3.rel1.linux64_1.1.100.202309141235/tools/bin/../lib/gcc/arm-none-eabi/11.3.1/thumb/v7e-m+fp/hard/crtbegin.o

.rodata         0x0000000008006354       0x84
                0x0000000008006354                . = ALIGN (0x4)
 *(.rodata)
 .rodata        0x0000000008006354       0x36 ./Core/Src/main.o
 *(.rodata*)
 *fill*         0x000000000800638a        0x2 
 .rodata.AHBPrescTable
                0x000000000800638c       0x10 ./Core/Src/system_stm32f7xx.o
                0x000000000800638c                AHBPrescTable
 .rodata.APBPrescTable
                0x000000000800639c        0x8 ./Core/Src/system_stm32f7xx.o
                0x000000000800639c                APBPrescTable
 .rodata._vfprintf_r.str1.1
                0x00000000080063a4       0x11 /opt/st/stm32cubeide_1.14.0/plugins/com.st.stm32cube.ide.mcu.externaltools.gnu-tools-for-stm32.11.3.rel1.linux64_1.1.100.202309141235/tools/bin/../lib/gcc/arm-none-eabi/11.3.1/../../../../arm-none-eabi/lib/thumb/v7e-m+fp/hard/libc_nano.a(libc_a-nano-vfprintf.o)
 .rodata._printf_i.str1.1
                0x00000000080063b5       0x22 /opt/st/stm32cubeide_1.14.0/plugins/com.st.stm32cube.ide.mcu.externaltools.gnu-tools-for-stm32.11.3.rel1.linux64_1.1.100.202309141235/tools/bin/../lib/gcc/arm-none-eabi/11.3.1/../../../../arm-none-eabi/lib/thumb/v7e-m+fp/hard/libc_nano.a(libc_a-nano-vfprintf_i.o)
                0x00000000080063d8                . = ALIGN (0x4)
 *fill*         0x00000000080063d7        0x1 

.ARM.extab      0x00000000080063d8        0x0
                0x00000000080063d8                . = ALIGN (0x4)
 *(.ARM.extab* .gnu.linkonce.armextab.*)
                0x00000000080063d8                . = ALIGN (0x4)

.ARM            0x00000000080063d8        0x8
                0x00000000080063d8                . = ALIGN (0x4)
                0x00000000080063d8                __exidx_start = .
 *(.ARM.exidx*)
 .ARM.exidx     0x00000000080063d8        0x8 /opt/st/stm32cubeide_1.14.0/plugins/com.st.stm32cube.ide.mcu.externaltools.gnu-tools-for-stm32.11.3.rel1.linux64_1.1.100.202309141235/tools/bin/../lib/gcc/arm-none-eabi/11.3.1/thumb/v7e-m+fp/hard/libgcc.a(_udivmoddi4.o)
                0x00000000080063e0                __exidx_end = .
                0x00000000080063e0                . = ALIGN (0x4)

.rel.dyn        0x00000000080063e0        0x0
 .rel.iplt      0x00000000080063e0        0x0 /opt/st/stm32cubeide_1.14.0/plugins/com.st.stm32cube.ide.mcu.externaltools.gnu-tools-for-stm32.11.3.rel1.linux64_1.1.100.202309141235/tools/bin/../lib/gcc/arm-none-eabi/11.3.1/thumb/v7e-m+fp/hard/crtbegin.o

.preinit_array  0x00000000080063e0        0x0
                0x00000000080063e0                . = ALIGN (0x4)
                0x00000000080063e0                PROVIDE (__preinit_array_start = .)
 *(.preinit_array*)
                0x00000000080063e0                PROVIDE (__preinit_array_end = .)
                0x00000000080063e0                . = ALIGN (0x4)

.init_array     0x00000000080063e0        0x4
                0x00000000080063e0                . = ALIGN (0x4)
                0x00000000080063e0                PROVIDE (__init_array_start = .)
 *(SORT_BY_NAME(.init_array.*))
 *(.init_array*)
 .init_array    0x00000000080063e0        0x4 /opt/st/stm32cubeide_1.14.0/plugins/com.st.stm32cube.ide.mcu.externaltools.gnu-tools-for-stm32.11.3.rel1.linux64_1.1.100.202309141235/tools/bin/../lib/gcc/arm-none-eabi/11.3.1/thumb/v7e-m+fp/hard/crtbegin.o
                0x00000000080063e4                PROVIDE (__init_array_end = .)
                0x00000000080063e4                . = ALIGN (0x4)

.fini_array     0x00000000080063e4        0x4
                0x00000000080063e4                . = ALIGN (0x4)
                [!provide]                        PROVIDE (__fini_array_start = .)
 *(SORT_BY_NAME(.fini_array.*))
 *(.fini_array*)
 .fini_array    0x00000000080063e4        0x4 /opt/st/stm32cubeide_1.14.0/plugins/com.st.stm32cube.ide.mcu.externaltools.gnu-tools-for-stm32.11.3.rel1.linux64_1.1.100.202309141235/tools/bin/../lib/gcc/arm-none-eabi/11.3.1/thumb/v7e-m+fp/hard/crtbegin.o
                [!provide]                        PROVIDE (__fini_array_end = .)
                0x00000000080063e8                . = ALIGN (0x4)
                0x00000000080063e8                _sidata = LOADADDR (.data)

.data           0x0000000020000000       0x70 load address 0x00000000080063e8
                0x0000000020000000                . = ALIGN (0x4)
                0x0000000020000000                _sdata = .
 *(.data)
 *(.data*)
 .data.TxData   0x0000000020000000        0x6 ./Core/Src/i2c_slave.o
                0x0000000020000000                TxData
 *fill*         0x0000000020000006        0x2 
 .data.SystemCoreClock
                0x0000000020000008        0x4 ./Core/Src/system_stm32f7xx.o
                0x0000000020000008                SystemCoreClock
 .data.uwTickPrio
                0x000000002000000c        0x4 ./Drivers/STM32F7xx_HAL_Driver/Src/stm32f7xx_hal.o
                0x000000002000000c                uwTickPrio
 .data.uwTickFreq
                0x0000000020000010        0x1 ./Drivers/STM32F7xx_HAL_Driver/Src/stm32f7xx_hal.o
                0x0000000020000010                uwTickFreq
 *fill*         0x0000000020000011        0x3 
 .data.__sglue  0x0000000020000014        0xc /opt/st/stm32cubeide_1.14.0/plugins/com.st.stm32cube.ide.mcu.externaltools.gnu-tools-for-stm32.11.3.rel1.linux64_1.1.100.202309141235/tools/bin/../lib/gcc/arm-none-eabi/11.3.1/../../../../arm-none-eabi/lib/thumb/v7e-m+fp/hard/libc_nano.a(libc_a-findfp.o)
                0x0000000020000014                __sglue
 .data._impure_data
                0x0000000020000020       0x4c /opt/st/stm32cubeide_1.14.0/plugins/com.st.stm32cube.ide.mcu.externaltools.gnu-tools-for-stm32.11.3.rel1.linux64_1.1.100.202309141235/tools/bin/../lib/gcc/arm-none-eabi/11.3.1/../../../../arm-none-eabi/lib/thumb/v7e-m+fp/hard/libc_nano.a(libc_a-impure.o)
                0x0000000020000020                _impure_data
 .data._impure_ptr
                0x000000002000006c        0x4 /opt/st/stm32cubeide_1.14.0/plugins/com.st.stm32cube.ide.mcu.externaltools.gnu-tools-for-stm32.11.3.rel1.linux64_1.1.100.202309141235/tools/bin/../lib/gcc/arm-none-eabi/11.3.1/../../../../arm-none-eabi/lib/thumb/v7e-m+fp/hard/libc_nano.a(libc_a-impure.o)
                0x000000002000006c                _impure_ptr
 *(.RamFunc)
 *(.RamFunc*)
                0x0000000020000070                . = ALIGN (0x4)
                0x0000000020000070                _edata = .

.igot.plt       0x0000000020000070        0x0 load address 0x0000000008006458
 .igot.plt      0x0000000020000070        0x0 /opt/st/stm32cubeide_1.14.0/plugins/com.st.stm32cube.ide.mcu.externaltools.gnu-tools-for-stm32.11.3.rel1.linux64_1.1.100.202309141235/tools/bin/../lib/gcc/arm-none-eabi/11.3.1/thumb/v7e-m+fp/hard/crtbegin.o
                0x0000000020000070                . = ALIGN (0x4)

.bss            0x0000000020000070      0x258 load address 0x0000000008006458
                0x0000000020000070                _sbss = .
                0x0000000020000070                __bss_start__ = _sbss
 *(.bss)
 .bss           0x0000000020000070       0x1c /opt/st/stm32cubeide_1.14.0/plugins/com.st.stm32cube.ide.mcu.externaltools.gnu-tools-for-stm32.11.3.rel1.linux64_1.1.100.202309141235/tools/bin/../lib/gcc/arm-none-eabi/11.3.1/thumb/v7e-m+fp/hard/crtbegin.o
 *(.bss*)
 .bss.RxData    0x000000002000008c        0x6 ./Core/Src/i2c_slave.o
                0x000000002000008c                RxData
 *fill*         0x0000000020000092        0x2 
 .bss.count     0x0000000020000094        0x4 ./Core/Src/i2c_slave.o
                0x0000000020000094                count
 .bss.hi2c1     0x0000000020000098       0x54 ./Core/Src/main.o
                0x0000000020000098                hi2c1
 .bss.huart3    0x00000000200000ec       0x88 ./Core/Src/main.o
                0x00000000200000ec                huart3
 .bss.__sbrk_heap_end
                0x0000000020000174        0x4 ./Core/Src/sysmem.o
 .bss.uwTick    0x0000000020000178        0x4 ./Drivers/STM32F7xx_HAL_Driver/Src/stm32f7xx_hal.o
                0x0000000020000178                uwTick
 .bss.__sf      0x000000002000017c      0x138 /opt/st/stm32cubeide_1.14.0/plugins/com.st.stm32cube.ide.mcu.externaltools.gnu-tools-for-stm32.11.3.rel1.linux64_1.1.100.202309141235/tools/bin/../lib/gcc/arm-none-eabi/11.3.1/../../../../arm-none-eabi/lib/thumb/v7e-m+fp/hard/libc_nano.a(libc_a-findfp.o)
                0x000000002000017c                __sf
 .bss.__stdio_exit_handler
                0x00000000200002b4        0x4 /opt/st/stm32cubeide_1.14.0/plugins/com.st.stm32cube.ide.mcu.externaltools.gnu-tools-for-stm32.11.3.rel1.linux64_1.1.100.202309141235/tools/bin/../lib/gcc/arm-none-eabi/11.3.1/../../../../arm-none-eabi/lib/thumb/v7e-m+fp/hard/libc_nano.a(libc_a-findfp.o)
                0x00000000200002b4                __stdio_exit_handler
 .bss.errno     0x00000000200002b8        0x4 /opt/st/stm32cubeide_1.14.0/plugins/com.st.stm32cube.ide.mcu.externaltools.gnu-tools-for-stm32.11.3.rel1.linux64_1.1.100.202309141235/tools/bin/../lib/gcc/arm-none-eabi/11.3.1/../../../../arm-none-eabi/lib/thumb/v7e-m+fp/hard/libc_nano.a(libc_a-reent.o)
                0x00000000200002b8                errno
 .bss.__lock___malloc_recursive_mutex
                0x00000000200002bc        0x1 /opt/st/stm32cubeide_1.14.0/plugins/com.st.stm32cube.ide.mcu.externaltools.gnu-tools-for-stm32.11.3.rel1.linux64_1.1.100.202309141235/tools/bin/../lib/gcc/arm-none-eabi/11.3.1/../../../../arm-none-eabi/lib/thumb/v7e-m+fp/hard/libc_nano.a(libc_a-lock.o)
                0x00000000200002bc                __lock___malloc_recursive_mutex
 .bss.__lock___sfp_recursive_mutex
                0x00000000200002bd        0x1 /opt/st/stm32cubeide_1.14.0/plugins/com.st.stm32cube.ide.mcu.externaltools.gnu-tools-for-stm32.11.3.rel1.linux64_1.1.100.202309141235/tools/bin/../lib/gcc/arm-none-eabi/11.3.1/../../../../arm-none-eabi/lib/thumb/v7e-m+fp/hard/libc_nano.a(libc_a-lock.o)
                0x00000000200002bd                __lock___sfp_recursive_mutex
 *fill*         0x00000000200002be        0x2 
 .bss.__malloc_free_list
                0x00000000200002c0        0x4 /opt/st/stm32cubeide_1.14.0/plugins/com.st.stm32cube.ide.mcu.externaltools.gnu-tools-for-stm32.11.3.rel1.linux64_1.1.100.202309141235/tools/bin/../lib/gcc/arm-none-eabi/11.3.1/../../../../arm-none-eabi/lib/thumb/v7e-m+fp/hard/libc_nano.a(libc_a-mallocr.o)
                0x00000000200002c0                __malloc_free_list
 .bss.__malloc_sbrk_start
                0x00000000200002c4        0x4 /opt/st/stm32cubeide_1.14.0/plugins/com.st.stm32cube.ide.mcu.externaltools.gnu-tools-for-stm32.11.3.rel1.linux64_1.1.100.202309141235/tools/bin/../lib/gcc/arm-none-eabi/11.3.1/../../../../arm-none-eabi/lib/thumb/v7e-m+fp/hard/libc_nano.a(libc_a-mallocr.o)
                0x00000000200002c4                __malloc_sbrk_start
 *(COMMON)
                0x00000000200002c8                . = ALIGN (0x4)
                0x00000000200002c8                _ebss = .
                0x00000000200002c8                __bss_end__ = _ebss

._user_heap_stack
                0x00000000200002c8      0x600 load address 0x0000000008006458
                0x00000000200002c8                . = ALIGN (0x8)
                [!provide]                        PROVIDE (end = .)
                0x00000000200002c8                PROVIDE (_end = .)
                0x00000000200004c8                . = (. + _Min_Heap_Size)
 *fill*         0x00000000200002c8      0x200 
                0x00000000200008c8                . = (. + _Min_Stack_Size)
 *fill*         0x00000000200004c8      0x400 
                0x00000000200008c8                . = ALIGN (0x8)

/DISCARD/
 libc.a(*)
 libm.a(*)
 libgcc.a(*)

.ARM.attributes
                0x0000000000000000       0x30
 *(.ARM.attributes)
 .ARM.attributes
                0x0000000000000000       0x1e /opt/st/stm32cubeide_1.14.0/plugins/com.st.stm32cube.ide.mcu.externaltools.gnu-tools-for-stm32.11.3.rel1.linux64_1.1.100.202309141235/tools/bin/../lib/gcc/arm-none-eabi/11.3.1/thumb/v7e-m+fp/hard/crti.o
 .ARM.attributes
                0x000000000000001e       0x34 /opt/st/stm32cubeide_1.14.0/plugins/com.st.stm32cube.ide.mcu.externaltools.gnu-tools-for-stm32.11.3.rel1.linux64_1.1.100.202309141235/tools/bin/../lib/gcc/arm-none-eabi/11.3.1/thumb/v7e-m+fp/hard/crtbegin.o
 .ARM.attributes
                0x0000000000000052       0x34 ./Core/Src/i2c_slave.o
 .ARM.attributes
                0x0000000000000086       0x34 ./Core/Src/main.o
 .ARM.attributes
                0x00000000000000ba       0x34 ./Core/Src/stm32f7xx_hal_msp.o
 .ARM.attributes
                0x00000000000000ee       0x34 ./Core/Src/stm32f7xx_it.o
 .ARM.attributes
                0x0000000000000122       0x34 ./Core/Src/syscalls.o
 .ARM.attributes
                0x0000000000000156       0x34 ./Core/Src/sysmem.o
 .ARM.attributes
                0x000000000000018a       0x34 ./Core/Src/system_stm32f7xx.o
 .ARM.attributes
                0x00000000000001be       0x21 ./Core/Startup/startup_stm32f746zgtx.o
 .ARM.attributes
                0x00000000000001df       0x34 ./Drivers/STM32F7xx_HAL_Driver/Src/stm32f7xx_hal.o
 .ARM.attributes
                0x0000000000000213       0x34 ./Drivers/STM32F7xx_HAL_Driver/Src/stm32f7xx_hal_cortex.o
 .ARM.attributes
                0x0000000000000247       0x34 ./Drivers/STM32F7xx_HAL_Driver/Src/stm32f7xx_hal_dma.o
 .ARM.attributes
                0x000000000000027b       0x34 ./Drivers/STM32F7xx_HAL_Driver/Src/stm32f7xx_hal_gpio.o
 .ARM.attributes
                0x00000000000002af       0x34 ./Drivers/STM32F7xx_HAL_Driver/Src/stm32f7xx_hal_i2c.o
 .ARM.attributes
                0x00000000000002e3       0x34 ./Drivers/STM32F7xx_HAL_Driver/Src/stm32f7xx_hal_i2c_ex.o
 .ARM.attributes
                0x0000000000000317       0x34 ./Drivers/STM32F7xx_HAL_Driver/Src/stm32f7xx_hal_rcc.o
 .ARM.attributes
                0x000000000000034b       0x34 ./Drivers/STM32F7xx_HAL_Driver/Src/stm32f7xx_hal_rcc_ex.o
 .ARM.attributes
                0x000000000000037f       0x34 ./Drivers/STM32F7xx_HAL_Driver/Src/stm32f7xx_hal_uart.o
 .ARM.attributes
                0x00000000000003b3       0x34 /opt/st/stm32cubeide_1.14.0/plugins/com.st.stm32cube.ide.mcu.externaltools.gnu-tools-for-stm32.11.3.rel1.linux64_1.1.100.202309141235/tools/bin/../lib/gcc/arm-none-eabi/11.3.1/../../../../arm-none-eabi/lib/thumb/v7e-m+fp/hard/libc_nano.a(libc_a-findfp.o)
 .ARM.attributes
                0x00000000000003e7       0x34 /opt/st/stm32cubeide_1.14.0/plugins/com.st.stm32cube.ide.mcu.externaltools.gnu-tools-for-stm32.11.3.rel1.linux64_1.1.100.202309141235/tools/bin/../lib/gcc/arm-none-eabi/11.3.1/../../../../arm-none-eabi/lib/thumb/v7e-m+fp/hard/libc_nano.a(libc_a-fwalk.o)
 .ARM.attributes
                0x000000000000041b       0x34 /opt/st/stm32cubeide_1.14.0/plugins/com.st.stm32cube.ide.mcu.externaltools.gnu-tools-for-stm32.11.3.rel1.linux64_1.1.100.202309141235/tools/bin/../lib/gcc/arm-none-eabi/11.3.1/../../../../arm-none-eabi/lib/thumb/v7e-m+fp/hard/libc_nano.a(libc_a-printf.o)
 .ARM.attributes
                0x000000000000044f       0x34 /opt/st/stm32cubeide_1.14.0/plugins/com.st.stm32cube.ide.mcu.externaltools.gnu-tools-for-stm32.11.3.rel1.linux64_1.1.100.202309141235/tools/bin/../lib/gcc/arm-none-eabi/11.3.1/../../../../arm-none-eabi/lib/thumb/v7e-m+fp/hard/libc_nano.a(libc_a-puts.o)
 .ARM.attributes
                0x0000000000000483       0x34 /opt/st/stm32cubeide_1.14.0/plugins/com.st.stm32cube.ide.mcu.externaltools.gnu-tools-for-stm32.11.3.rel1.linux64_1.1.100.202309141235/tools/bin/../lib/gcc/arm-none-eabi/11.3.1/../../../../arm-none-eabi/lib/thumb/v7e-m+fp/hard/libc_nano.a(libc_a-stdio.o)
 .ARM.attributes
                0x00000000000004b7       0x34 /opt/st/stm32cubeide_1.14.0/plugins/com.st.stm32cube.ide.mcu.externaltools.gnu-tools-for-stm32.11.3.rel1.linux64_1.1.100.202309141235/tools/bin/../lib/gcc/arm-none-eabi/11.3.1/../../../../arm-none-eabi/lib/thumb/v7e-m+fp/hard/libc_nano.a(libc_a-wbuf.o)
 .ARM.attributes
                0x00000000000004eb       0x34 /opt/st/stm32cubeide_1.14.0/plugins/com.st.stm32cube.ide.mcu.externaltools.gnu-tools-for-stm32.11.3.rel1.linux64_1.1.100.202309141235/tools/bin/../lib/gcc/arm-none-eabi/11.3.1/../../../../arm-none-eabi/lib/thumb/v7e-m+fp/hard/libc_nano.a(libc_a-wsetup.o)
 .ARM.attributes
                0x000000000000051f       0x34 /opt/st/stm32cubeide_1.14.0/plugins/com.st.stm32cube.ide.mcu.externaltools.gnu-tools-for-stm32.11.3.rel1.linux64_1.1.100.202309141235/tools/bin/../lib/gcc/arm-none-eabi/11.3.1/../../../../arm-none-eabi/lib/thumb/v7e-m+fp/hard/libc_nano.a(libc_a-memset.o)
 .ARM.attributes
                0x0000000000000553       0x34 /opt/st/stm32cubeide_1.14.0/plugins/com.st.stm32cube.ide.mcu.externaltools.gnu-tools-for-stm32.11.3.rel1.linux64_1.1.100.202309141235/tools/bin/../lib/gcc/arm-none-eabi/11.3.1/../../../../arm-none-eabi/lib/thumb/v7e-m+fp/hard/libc_nano.a(libc_a-closer.o)
 .ARM.attributes
                0x0000000000000587       0x34 /opt/st/stm32cubeide_1.14.0/plugins/com.st.stm32cube.ide.mcu.externaltools.gnu-tools-for-stm32.11.3.rel1.linux64_1.1.100.202309141235/tools/bin/../lib/gcc/arm-none-eabi/11.3.1/../../../../arm-none-eabi/lib/thumb/v7e-m+fp/hard/libc_nano.a(libc_a-reent.o)
 .ARM.attributes
                0x00000000000005bb       0x34 /opt/st/stm32cubeide_1.14.0/plugins/com.st.stm32cube.ide.mcu.externaltools.gnu-tools-for-stm32.11.3.rel1.linux64_1.1.100.202309141235/tools/bin/../lib/gcc/arm-none-eabi/11.3.1/../../../../arm-none-eabi/lib/thumb/v7e-m+fp/hard/libc_nano.a(libc_a-impure.o)
 .ARM.attributes
                0x00000000000005ef       0x34 /opt/st/stm32cubeide_1.14.0/plugins/com.st.stm32cube.ide.mcu.externaltools.gnu-tools-for-stm32.11.3.rel1.linux64_1.1.100.202309141235/tools/bin/../lib/gcc/arm-none-eabi/11.3.1/../../../../arm-none-eabi/lib/thumb/v7e-m+fp/hard/libc_nano.a(libc_a-lseekr.o)
 .ARM.attributes
                0x0000000000000623       0x34 /opt/st/stm32cubeide_1.14.0/plugins/com.st.stm32cube.ide.mcu.externaltools.gnu-tools-for-stm32.11.3.rel1.linux64_1.1.100.202309141235/tools/bin/../lib/gcc/arm-none-eabi/11.3.1/../../../../arm-none-eabi/lib/thumb/v7e-m+fp/hard/libc_nano.a(libc_a-readr.o)
 .ARM.attributes
                0x0000000000000657       0x34 /opt/st/stm32cubeide_1.14.0/plugins/com.st.stm32cube.ide.mcu.externaltools.gnu-tools-for-stm32.11.3.rel1.linux64_1.1.100.202309141235/tools/bin/../lib/gcc/arm-none-eabi/11.3.1/../../../../arm-none-eabi/lib/thumb/v7e-m+fp/hard/libc_nano.a(libc_a-writer.o)
 .ARM.attributes
                0x000000000000068b       0x34 /opt/st/stm32cubeide_1.14.0/plugins/com.st.stm32cube.ide.mcu.externaltools.gnu-tools-for-stm32.11.3.rel1.linux64_1.1.100.202309141235/tools/bin/../lib/gcc/arm-none-eabi/11.3.1/../../../../arm-none-eabi/lib/thumb/v7e-m+fp/hard/libc_nano.a(libc_a-errno.o)
 .ARM.attributes
                0x00000000000006bf       0x34 /opt/st/stm32cubeide_1.14.0/plugins/com.st.stm32cube.ide.mcu.externaltools.gnu-tools-for-stm32.11.3.rel1.linux64_1.1.100.202309141235/tools/bin/../lib/gcc/arm-none-eabi/11.3.1/../../../../arm-none-eabi/lib/thumb/v7e-m+fp/hard/libc_nano.a(libc_a-init.o)
 .ARM.attributes
                0x00000000000006f3       0x34 /opt/st/stm32cubeide_1.14.0/plugins/com.st.stm32cube.ide.mcu.externaltools.gnu-tools-for-stm32.11.3.rel1.linux64_1.1.100.202309141235/tools/bin/../lib/gcc/arm-none-eabi/11.3.1/../../../../arm-none-eabi/lib/thumb/v7e-m+fp/hard/libc_nano.a(libc_a-lock.o)
 .ARM.attributes
                0x0000000000000727       0x34 /opt/st/stm32cubeide_1.14.0/plugins/com.st.stm32cube.ide.mcu.externaltools.gnu-tools-for-stm32.11.3.rel1.linux64_1.1.100.202309141235/tools/bin/../lib/gcc/arm-none-eabi/11.3.1/../../../../arm-none-eabi/lib/thumb/v7e-m+fp/hard/libc_nano.a(libc_a-freer.o)
 .ARM.attributes
                0x000000000000075b       0x34 /opt/st/stm32cubeide_1.14.0/plugins/com.st.stm32cube.ide.mcu.externaltools.gnu-tools-for-stm32.11.3.rel1.linux64_1.1.100.202309141235/tools/bin/../lib/gcc/arm-none-eabi/11.3.1/../../../../arm-none-eabi/lib/thumb/v7e-m+fp/hard/libc_nano.a(libc_a-mallocr.o)
 .ARM.attributes
                0x000000000000078f       0x34 /opt/st/stm32cubeide_1.14.0/plugins/com.st.stm32cube.ide.mcu.externaltools.gnu-tools-for-stm32.11.3.rel1.linux64_1.1.100.202309141235/tools/bin/../lib/gcc/arm-none-eabi/11.3.1/../../../../arm-none-eabi/lib/thumb/v7e-m+fp/hard/libc_nano.a(libc_a-mlock.o)
 .ARM.attributes
                0x00000000000007c3       0x34 /opt/st/stm32cubeide_1.14.0/plugins/com.st.stm32cube.ide.mcu.externaltools.gnu-tools-for-stm32.11.3.rel1.linux64_1.1.100.202309141235/tools/bin/../lib/gcc/arm-none-eabi/11.3.1/../../../../arm-none-eabi/lib/thumb/v7e-m+fp/hard/libc_nano.a(libc_a-nano-vfprintf.o)
 .ARM.attributes
                0x00000000000007f7       0x34 /opt/st/stm32cubeide_1.14.0/plugins/com.st.stm32cube.ide.mcu.externaltools.gnu-tools-for-stm32.11.3.rel1.linux64_1.1.100.202309141235/tools/bin/../lib/gcc/arm-none-eabi/11.3.1/../../../../arm-none-eabi/lib/thumb/v7e-m+fp/hard/libc_nano.a(libc_a-nano-vfprintf_i.o)
 .ARM.attributes
                0x000000000000082b       0x34 /opt/st/stm32cubeide_1.14.0/plugins/com.st.stm32cube.ide.mcu.externaltools.gnu-tools-for-stm32.11.3.rel1.linux64_1.1.100.202309141235/tools/bin/../lib/gcc/arm-none-eabi/11.3.1/../../../../arm-none-eabi/lib/thumb/v7e-m+fp/hard/libc_nano.a(libc_a-fflush.o)
 .ARM.attributes
                0x000000000000085f       0x34 /opt/st/stm32cubeide_1.14.0/plugins/com.st.stm32cube.ide.mcu.externaltools.gnu-tools-for-stm32.11.3.rel1.linux64_1.1.100.202309141235/tools/bin/../lib/gcc/arm-none-eabi/11.3.1/../../../../arm-none-eabi/lib/thumb/v7e-m+fp/hard/libc_nano.a(libc_a-makebuf.o)
 .ARM.attributes
                0x0000000000000893       0x34 /opt/st/stm32cubeide_1.14.0/plugins/com.st.stm32cube.ide.mcu.externaltools.gnu-tools-for-stm32.11.3.rel1.linux64_1.1.100.202309141235/tools/bin/../lib/gcc/arm-none-eabi/11.3.1/../../../../arm-none-eabi/lib/thumb/v7e-m+fp/hard/libc_nano.a(libc_a-fstatr.o)
 .ARM.attributes
                0x00000000000008c7       0x34 /opt/st/stm32cubeide_1.14.0/plugins/com.st.stm32cube.ide.mcu.externaltools.gnu-tools-for-stm32.11.3.rel1.linux64_1.1.100.202309141235/tools/bin/../lib/gcc/arm-none-eabi/11.3.1/../../../../arm-none-eabi/lib/thumb/v7e-m+fp/hard/libc_nano.a(libc_a-isattyr.o)
 .ARM.attributes
                0x00000000000008fb       0x34 /opt/st/stm32cubeide_1.14.0/plugins/com.st.stm32cube.ide.mcu.externaltools.gnu-tools-for-stm32.11.3.rel1.linux64_1.1.100.202309141235/tools/bin/../lib/gcc/arm-none-eabi/11.3.1/../../../../arm-none-eabi/lib/thumb/v7e-m+fp/hard/libc_nano.a(libc_a-sbrkr.o)
 .ARM.attributes
                0x000000000000092f       0x1c /opt/st/stm32cubeide_1.14.0/plugins/com.st.stm32cube.ide.mcu.externaltools.gnu-tools-for-stm32.11.3.rel1.linux64_1.1.100.202309141235/tools/bin/../lib/gcc/arm-none-eabi/11.3.1/../../../../arm-none-eabi/lib/thumb/v7e-m+fp/hard/libc_nano.a(libc_a-memchr.o)
 .ARM.attributes
                0x000000000000094b       0x1e /opt/st/stm32cubeide_1.14.0/plugins/com.st.stm32cube.ide.mcu.externaltools.gnu-tools-for-stm32.11.3.rel1.linux64_1.1.100.202309141235/tools/bin/../lib/gcc/arm-none-eabi/11.3.1/thumb/v7e-m+fp/hard/libgcc.a(_aeabi_uldivmod.o)
 .ARM.attributes
                0x0000000000000969       0x34 /opt/st/stm32cubeide_1.14.0/plugins/com.st.stm32cube.ide.mcu.externaltools.gnu-tools-for-stm32.11.3.rel1.linux64_1.1.100.202309141235/tools/bin/../lib/gcc/arm-none-eabi/11.3.1/thumb/v7e-m+fp/hard/libgcc.a(_udivmoddi4.o)
 .ARM.attributes
                0x000000000000099d       0x1e /opt/st/stm32cubeide_1.14.0/plugins/com.st.stm32cube.ide.mcu.externaltools.gnu-tools-for-stm32.11.3.rel1.linux64_1.1.100.202309141235/tools/bin/../lib/gcc/arm-none-eabi/11.3.1/thumb/v7e-m+fp/hard/libgcc.a(_dvmd_tls.o)
 .ARM.attributes
                0x00000000000009bb       0x1e /opt/st/stm32cubeide_1.14.0/plugins/com.st.stm32cube.ide.mcu.externaltools.gnu-tools-for-stm32.11.3.rel1.linux64_1.1.100.202309141235/tools/bin/../lib/gcc/arm-none-eabi/11.3.1/thumb/v7e-m+fp/hard/crtn.o
OUTPUT(i2c_slave.elf elf32-littlearm)
LOAD linker stubs
LOAD /opt/st/stm32cubeide_1.14.0/plugins/com.st.stm32cube.ide.mcu.externaltools.gnu-tools-for-stm32.11.3.rel1.linux64_1.1.100.202309141235/tools/bin/../lib/gcc/arm-none-eabi/11.3.1/../../../../arm-none-eabi/lib/thumb/v7e-m+fp/hard/libc.a
LOAD /opt/st/stm32cubeide_1.14.0/plugins/com.st.stm32cube.ide.mcu.externaltools.gnu-tools-for-stm32.11.3.rel1.linux64_1.1.100.202309141235/tools/bin/../lib/gcc/arm-none-eabi/11.3.1/../../../../arm-none-eabi/lib/thumb/v7e-m+fp/hard/libm.a
LOAD /opt/st/stm32cubeide_1.14.0/plugins/com.st.stm32cube.ide.mcu.externaltools.gnu-tools-for-stm32.11.3.rel1.linux64_1.1.100.202309141235/tools/bin/../lib/gcc/arm-none-eabi/11.3.1/thumb/v7e-m+fp/hard/libgcc.a

.comment        0x0000000000000000       0x43
 .comment       0x0000000000000000       0x43 /opt/st/stm32cubeide_1.14.0/plugins/com.st.stm32cube.ide.mcu.externaltools.gnu-tools-for-stm32.11.3.rel1.linux64_1.1.100.202309141235/tools/bin/../lib/gcc/arm-none-eabi/11.3.1/thumb/v7e-m+fp/hard/crtbegin.o
                                         0x44 (size before relaxing)
 .comment       0x0000000000000043       0x44 ./Core/Src/i2c_slave.o
 .comment       0x0000000000000043       0x44 ./Core/Src/main.o
 .comment       0x0000000000000043       0x44 ./Core/Src/stm32f7xx_hal_msp.o
 .comment       0x0000000000000043       0x44 ./Core/Src/stm32f7xx_it.o
 .comment       0x0000000000000043       0x44 ./Core/Src/syscalls.o
 .comment       0x0000000000000043       0x44 ./Core/Src/sysmem.o
 .comment       0x0000000000000043       0x44 ./Core/Src/system_stm32f7xx.o
 .comment       0x0000000000000043       0x44 ./Drivers/STM32F7xx_HAL_Driver/Src/stm32f7xx_hal.o
 .comment       0x0000000000000043       0x44 ./Drivers/STM32F7xx_HAL_Driver/Src/stm32f7xx_hal_cortex.o
 .comment       0x0000000000000043       0x44 ./Drivers/STM32F7xx_HAL_Driver/Src/stm32f7xx_hal_dma.o
 .comment       0x0000000000000043       0x44 ./Drivers/STM32F7xx_HAL_Driver/Src/stm32f7xx_hal_gpio.o
 .comment       0x0000000000000043       0x44 ./Drivers/STM32F7xx_HAL_Driver/Src/stm32f7xx_hal_i2c.o
 .comment       0x0000000000000043       0x44 ./Drivers/STM32F7xx_HAL_Driver/Src/stm32f7xx_hal_i2c_ex.o
 .comment       0x0000000000000043       0x44 ./Drivers/STM32F7xx_HAL_Driver/Src/stm32f7xx_hal_rcc.o
 .comment       0x0000000000000043       0x44 ./Drivers/STM32F7xx_HAL_Driver/Src/stm32f7xx_hal_rcc_ex.o
 .comment       0x0000000000000043       0x44 ./Drivers/STM32F7xx_HAL_Driver/Src/stm32f7xx_hal_uart.o

.debug_info     0x0000000000000000     0xdd62
 .debug_info    0x0000000000000000      0x80a ./Core/Src/i2c_slave.o
 .debug_info    0x000000000000080a      0xfba ./Core/Src/main.o
 .debug_info    0x00000000000017c4     0x128c ./Core/Src/stm32f7xx_hal_msp.o
 .debug_info    0x0000000000002a50      0x706 ./Core/Src/stm32f7xx_it.o
 .debug_info    0x0000000000003156      0x6a3 ./Core/Src/syscalls.o
 .debug_info    0x00000000000037f9      0x168 ./Core/Src/sysmem.o
 .debug_info    0x0000000000003961      0x6ed ./Core/Src/system_stm32f7xx.o
 .debug_info    0x000000000000404e       0x23 ./Core/Startup/startup_stm32f746zgtx.o
 .debug_info    0x0000000000004071      0x9d8 ./Drivers/STM32F7xx_HAL_Driver/Src/stm32f7xx_hal.o
 .debug_info    0x0000000000004a49      0xf7e ./Drivers/STM32F7xx_HAL_Driver/Src/stm32f7xx_hal_cortex.o
 .debug_info    0x00000000000059c7      0x8e7 ./Drivers/STM32F7xx_HAL_Driver/Src/stm32f7xx_hal_dma.o
 .debug_info    0x00000000000062ae      0x6e7 ./Drivers/STM32F7xx_HAL_Driver/Src/stm32f7xx_hal_gpio.o
 .debug_info    0x0000000000006995     0x2138 ./Drivers/STM32F7xx_HAL_Driver/Src/stm32f7xx_hal_i2c.o
 .debug_info    0x0000000000008acd      0x922 ./Drivers/STM32F7xx_HAL_Driver/Src/stm32f7xx_hal_i2c_ex.o
 .debug_info    0x00000000000093ef      0x8dc ./Drivers/STM32F7xx_HAL_Driver/Src/stm32f7xx_hal_rcc.o
 .debug_info    0x0000000000009ccb      0x6bd ./Drivers/STM32F7xx_HAL_Driver/Src/stm32f7xx_hal_rcc_ex.o
 .debug_info    0x000000000000a388     0x39da ./Drivers/STM32F7xx_HAL_Driver/Src/stm32f7xx_hal_uart.o

.debug_abbrev   0x0000000000000000     0x2046
 .debug_abbrev  0x0000000000000000      0x1b5 ./Core/Src/i2c_slave.o
 .debug_abbrev  0x00000000000001b5      0x2bb ./Core/Src/main.o
 .debug_abbrev  0x0000000000000470      0x200 ./Core/Src/stm32f7xx_hal_msp.o
 .debug_abbrev  0x0000000000000670      0x17b ./Core/Src/stm32f7xx_it.o
 .debug_abbrev  0x00000000000007eb      0x1b6 ./Core/Src/syscalls.o
 .debug_abbrev  0x00000000000009a1       0xbc ./Core/Src/sysmem.o
 .debug_abbrev  0x0000000000000a5d      0x13b ./Core/Src/system_stm32f7xx.o
 .debug_abbrev  0x0000000000000b98       0x12 ./Core/Startup/startup_stm32f746zgtx.o
 .debug_abbrev  0x0000000000000baa      0x213 ./Drivers/STM32F7xx_HAL_Driver/Src/stm32f7xx_hal.o
 .debug_abbrev  0x0000000000000dbd      0x31e ./Drivers/STM32F7xx_HAL_Driver/Src/stm32f7xx_hal_cortex.o
 .debug_abbrev  0x00000000000010db      0x264 ./Drivers/STM32F7xx_HAL_Driver/Src/stm32f7xx_hal_dma.o
 .debug_abbrev  0x000000000000133f      0x1d4 ./Drivers/STM32F7xx_HAL_Driver/Src/stm32f7xx_hal_gpio.o
 .debug_abbrev  0x0000000000001513      0x260 ./Drivers/STM32F7xx_HAL_Driver/Src/stm32f7xx_hal_i2c.o
 .debug_abbrev  0x0000000000001773      0x19c ./Drivers/STM32F7xx_HAL_Driver/Src/stm32f7xx_hal_i2c_ex.o
 .debug_abbrev  0x000000000000190f      0x288 ./Drivers/STM32F7xx_HAL_Driver/Src/stm32f7xx_hal_rcc.o
 .debug_abbrev  0x0000000000001b97      0x1c9 ./Drivers/STM32F7xx_HAL_Driver/Src/stm32f7xx_hal_rcc_ex.o
 .debug_abbrev  0x0000000000001d60      0x2e6 ./Drivers/STM32F7xx_HAL_Driver/Src/stm32f7xx_hal_uart.o

.debug_aranges  0x0000000000000000      0xb50
 .debug_aranges
                0x0000000000000000       0x50 ./Core/Src/i2c_slave.o
 .debug_aranges
                0x0000000000000050       0x50 ./Core/Src/main.o
 .debug_aranges
                0x00000000000000a0       0x40 ./Core/Src/stm32f7xx_hal_msp.o
 .debug_aranges
                0x00000000000000e0       0x70 ./Core/Src/stm32f7xx_it.o
 .debug_aranges
                0x0000000000000150       0xa8 ./Core/Src/syscalls.o
 .debug_aranges
                0x00000000000001f8       0x20 ./Core/Src/sysmem.o
 .debug_aranges
                0x0000000000000218       0x28 ./Core/Src/system_stm32f7xx.o
 .debug_aranges
                0x0000000000000240       0x28 ./Core/Startup/startup_stm32f746zgtx.o
 .debug_aranges
                0x0000000000000268      0x100 ./Drivers/STM32F7xx_HAL_Driver/Src/stm32f7xx_hal.o
 .debug_aranges
                0x0000000000000368      0x128 ./Drivers/STM32F7xx_HAL_Driver/Src/stm32f7xx_hal_cortex.o
 .debug_aranges
                0x0000000000000490       0x90 ./Drivers/STM32F7xx_HAL_Driver/Src/stm32f7xx_hal_dma.o
 .debug_aranges
                0x0000000000000520       0x58 ./Drivers/STM32F7xx_HAL_Driver/Src/stm32f7xx_hal_gpio.o
 .debug_aranges
                0x0000000000000578      0x2a0 ./Drivers/STM32F7xx_HAL_Driver/Src/stm32f7xx_hal_i2c.o
 .debug_aranges
                0x0000000000000818       0x38 ./Drivers/STM32F7xx_HAL_Driver/Src/stm32f7xx_hal_i2c_ex.o
 .debug_aranges
                0x0000000000000850       0x88 ./Drivers/STM32F7xx_HAL_Driver/Src/stm32f7xx_hal_rcc.o
 .debug_aranges
                0x00000000000008d8       0x50 ./Drivers/STM32F7xx_HAL_Driver/Src/stm32f7xx_hal_rcc_ex.o
 .debug_aranges
                0x0000000000000928      0x228 ./Drivers/STM32F7xx_HAL_Driver/Src/stm32f7xx_hal_uart.o

.debug_rnglists
                0x0000000000000000      0x8bc
 .debug_rnglists
                0x0000000000000000       0x37 ./Core/Src/i2c_slave.o
 .debug_rnglists
                0x0000000000000037       0x3a ./Core/Src/main.o
 .debug_rnglists
                0x0000000000000071       0x2d ./Core/Src/stm32f7xx_hal_msp.o
 .debug_rnglists
                0x000000000000009e       0x4f ./Core/Src/stm32f7xx_it.o
 .debug_rnglists
                0x00000000000000ed       0x79 ./Core/Src/syscalls.o
 .debug_rnglists
                0x0000000000000166       0x13 ./Core/Src/sysmem.o
 .debug_rnglists
                0x0000000000000179       0x1a ./Core/Src/system_stm32f7xx.o
 .debug_rnglists
                0x0000000000000193       0x19 ./Core/Startup/startup_stm32f746zgtx.o
 .debug_rnglists
                0x00000000000001ac       0xbb ./Drivers/STM32F7xx_HAL_Driver/Src/stm32f7xx_hal.o
 .debug_rnglists
                0x0000000000000267       0xda ./Drivers/STM32F7xx_HAL_Driver/Src/stm32f7xx_hal_cortex.o
 .debug_rnglists
                0x0000000000000341       0x70 ./Drivers/STM32F7xx_HAL_Driver/Src/stm32f7xx_hal_dma.o
 .debug_rnglists
                0x00000000000003b1       0x3f ./Drivers/STM32F7xx_HAL_Driver/Src/stm32f7xx_hal_gpio.o
 .debug_rnglists
                0x00000000000003f0      0x228 ./Drivers/STM32F7xx_HAL_Driver/Src/stm32f7xx_hal_i2c.o
 .debug_rnglists
                0x0000000000000618       0x27 ./Drivers/STM32F7xx_HAL_Driver/Src/stm32f7xx_hal_i2c_ex.o
 .debug_rnglists
                0x000000000000063f       0x67 ./Drivers/STM32F7xx_HAL_Driver/Src/stm32f7xx_hal_rcc.o
 .debug_rnglists
                0x00000000000006a6       0x3c ./Drivers/STM32F7xx_HAL_Driver/Src/stm32f7xx_hal_rcc_ex.o
 .debug_rnglists
                0x00000000000006e2      0x1da ./Drivers/STM32F7xx_HAL_Driver/Src/stm32f7xx_hal_uart.o

.debug_macro    0x0000000000000000    0x261dd
 .debug_macro   0x0000000000000000      0x1e8 ./Core/Src/i2c_slave.o
 .debug_macro   0x00000000000001e8      0xaa8 ./Core/Src/i2c_slave.o
 .debug_macro   0x0000000000000c90      0x28d ./Core/Src/i2c_slave.o
 .debug_macro   0x0000000000000f1d       0x2e ./Core/Src/i2c_slave.o
 .debug_macro   0x0000000000000f4b       0x3b ./Core/Src/i2c_slave.o
 .debug_macro   0x0000000000000f86       0x22 ./Core/Src/i2c_slave.o
 .debug_macro   0x0000000000000fa8       0x8e ./Core/Src/i2c_slave.o
 .debug_macro   0x0000000000001036       0x51 ./Core/Src/i2c_slave.o
 .debug_macro   0x0000000000001087      0x103 ./Core/Src/i2c_slave.o
 .debug_macro   0x000000000000118a       0x6a ./Core/Src/i2c_slave.o
 .debug_macro   0x00000000000011f4      0x1df ./Core/Src/i2c_slave.o
 .debug_macro   0x00000000000013d3       0x1c ./Core/Src/i2c_slave.o
 .debug_macro   0x00000000000013ef       0x22 ./Core/Src/i2c_slave.o
 .debug_macro   0x0000000000001411       0xd9 ./Core/Src/i2c_slave.o
 .debug_macro   0x00000000000014ea     0x12cd ./Core/Src/i2c_slave.o
 .debug_macro   0x00000000000027b7      0x11f ./Core/Src/i2c_slave.o
 .debug_macro   0x00000000000028d6       0x19 ./Core/Src/i2c_slave.o
 .debug_macro   0x00000000000028ef    0x19222 ./Core/Src/i2c_slave.o
 .debug_macro   0x000000000001bb11       0x6d ./Core/Src/i2c_slave.o
 .debug_macro   0x000000000001bb7e     0x3765 ./Core/Src/i2c_slave.o
 .debug_macro   0x000000000001f2e3      0x174 ./Core/Src/i2c_slave.o
 .debug_macro   0x000000000001f457       0x63 ./Core/Src/i2c_slave.o
 .debug_macro   0x000000000001f4ba     0x18ad ./Core/Src/i2c_slave.o
 .debug_macro   0x0000000000020d67      0x6c4 ./Core/Src/i2c_slave.o
 .debug_macro   0x000000000002142b      0x185 ./Core/Src/i2c_slave.o
 .debug_macro   0x00000000000215b0      0x115 ./Core/Src/i2c_slave.o
 .debug_macro   0x00000000000216c5      0x1fd ./Core/Src/i2c_slave.o
 .debug_macro   0x00000000000218c2       0xa5 ./Core/Src/i2c_slave.o
 .debug_macro   0x0000000000021967      0x24f ./Core/Src/i2c_slave.o
 .debug_macro   0x0000000000021bb6       0x41 ./Core/Src/i2c_slave.o
 .debug_macro   0x0000000000021bf7       0x58 ./Core/Src/i2c_slave.o
 .debug_macro   0x0000000000021c4f      0x236 ./Core/Src/i2c_slave.o
 .debug_macro   0x0000000000021e85      0x14e ./Core/Src/i2c_slave.o
 .debug_macro   0x0000000000021fd3      0x25a ./Core/Src/i2c_slave.o
 .debug_macro   0x000000000002222d       0x12 ./Core/Src/i2c_slave.o
 .debug_macro   0x000000000002223f      0x22c ./Core/Src/i2c_slave.o
 .debug_macro   0x000000000002246b       0x61 ./Core/Src/i2c_slave.o
 .debug_macro   0x00000000000224cc       0xa5 ./Core/Src/i2c_slave.o
 .debug_macro   0x0000000000022571      0x12e ./Core/Src/i2c_slave.o
 .debug_macro   0x000000000002269f      0x108 ./Core/Src/i2c_slave.o
 .debug_macro   0x00000000000227a7       0x35 ./Core/Src/i2c_slave.o
 .debug_macro   0x00000000000227dc      0x56d ./Core/Src/i2c_slave.o
 .debug_macro   0x0000000000022d49       0x44 ./Core/Src/i2c_slave.o
 .debug_macro   0x0000000000022d8d      0x14d ./Core/Src/i2c_slave.o
 .debug_macro   0x0000000000022eda      0x2c0 ./Core/Src/main.o
 .debug_macro   0x000000000002319a       0x61 ./Core/Src/main.o
 .debug_macro   0x00000000000231fb       0x2a ./Core/Src/main.o
 .debug_macro   0x0000000000023225       0x43 ./Core/Src/main.o
 .debug_macro   0x0000000000023268       0x34 ./Core/Src/main.o
 .debug_macro   0x000000000002329c       0x16 ./Core/Src/main.o
 .debug_macro   0x00000000000232b2       0x35 ./Core/Src/main.o
 .debug_macro   0x00000000000232e7      0x369 ./Core/Src/main.o
 .debug_macro   0x0000000000023650       0x10 ./Core/Src/main.o
 .debug_macro   0x0000000000023660       0x16 ./Core/Src/main.o
 .debug_macro   0x0000000000023676       0x43 ./Core/Src/main.o
 .debug_macro   0x00000000000236b9       0x34 ./Core/Src/main.o
 .debug_macro   0x00000000000236ed       0x10 ./Core/Src/main.o
 .debug_macro   0x00000000000236fd       0x58 ./Core/Src/main.o
 .debug_macro   0x0000000000023755       0x8e ./Core/Src/main.o
 .debug_macro   0x00000000000237e3       0x1c ./Core/Src/main.o
 .debug_macro   0x00000000000237ff      0x177 ./Core/Src/main.o
 .debug_macro   0x0000000000023976       0x16 ./Core/Src/main.o
 .debug_macro   0x000000000002398c       0x16 ./Core/Src/main.o
 .debug_macro   0x00000000000239a2      0x147 ./Core/Src/main.o
 .debug_macro   0x0000000000023ae9      0x1d8 ./Core/Src/stm32f7xx_hal_msp.o
 .debug_macro   0x0000000000023cc1      0x1e2 ./Core/Src/stm32f7xx_it.o
 .debug_macro   0x0000000000023ea3      0x274 ./Core/Src/syscalls.o
 .debug_macro   0x0000000000024117       0x5b ./Core/Src/syscalls.o
 .debug_macro   0x0000000000024172       0x94 ./Core/Src/syscalls.o
 .debug_macro   0x0000000000024206       0x57 ./Core/Src/syscalls.o
 .debug_macro   0x000000000002425d       0x10 ./Core/Src/syscalls.o
 .debug_macro   0x000000000002426d       0x10 ./Core/Src/syscalls.o
 .debug_macro   0x000000000002427d       0x10 ./Core/Src/syscalls.o
 .debug_macro   0x000000000002428d       0x10 ./Core/Src/syscalls.o
 .debug_macro   0x000000000002429d       0x1c ./Core/Src/syscalls.o
 .debug_macro   0x00000000000242b9       0x52 ./Core/Src/syscalls.o
 .debug_macro   0x000000000002430b       0x22 ./Core/Src/syscalls.o
 .debug_macro   0x000000000002432d       0x10 ./Core/Src/syscalls.o
 .debug_macro   0x000000000002433d       0x52 ./Core/Src/syscalls.o
 .debug_macro   0x000000000002438f       0xcf ./Core/Src/syscalls.o
 .debug_macro   0x000000000002445e       0x1c ./Core/Src/syscalls.o
 .debug_macro   0x000000000002447a       0x3d ./Core/Src/syscalls.o
 .debug_macro   0x00000000000244b7       0x35 ./Core/Src/syscalls.o
 .debug_macro   0x00000000000244ec      0x12c ./Core/Src/syscalls.o
 .debug_macro   0x0000000000024618       0x16 ./Core/Src/syscalls.o
 .debug_macro   0x000000000002462e       0x16 ./Core/Src/syscalls.o
 .debug_macro   0x0000000000024644       0x29 ./Core/Src/syscalls.o
 .debug_macro   0x000000000002466d       0x10 ./Core/Src/syscalls.o
 .debug_macro   0x000000000002467d      0x242 ./Core/Src/syscalls.o
 .debug_macro   0x00000000000248bf       0x1c ./Core/Src/syscalls.o
 .debug_macro   0x00000000000248db       0x10 ./Core/Src/syscalls.o
 .debug_macro   0x00000000000248eb      0x18a ./Core/Src/syscalls.o
 .debug_macro   0x0000000000024a75       0x16 ./Core/Src/syscalls.o
 .debug_macro   0x0000000000024a8b       0xce ./Core/Src/syscalls.o
 .debug_macro   0x0000000000024b59       0xff ./Core/Src/sysmem.o
 .debug_macro   0x0000000000024c58      0x23c ./Core/Src/sysmem.o
 .debug_macro   0x0000000000024e94      0x1ce ./Core/Src/system_stm32f7xx.o
 .debug_macro   0x0000000000025062      0x1f2 ./Drivers/STM32F7xx_HAL_Driver/Src/stm32f7xx_hal.o
 .debug_macro   0x0000000000025254      0x1ce ./Drivers/STM32F7xx_HAL_Driver/Src/stm32f7xx_hal_cortex.o
 .debug_macro   0x0000000000025422      0x1d4 ./Drivers/STM32F7xx_HAL_Driver/Src/stm32f7xx_hal_dma.o
 .debug_macro   0x00000000000255f6      0x1d4 ./Drivers/STM32F7xx_HAL_Driver/Src/stm32f7xx_hal_gpio.o
 .debug_macro   0x00000000000257ca      0x29a ./Drivers/STM32F7xx_HAL_Driver/Src/stm32f7xx_hal_i2c.o
 .debug_macro   0x0000000000025a64      0x1ce ./Drivers/STM32F7xx_HAL_Driver/Src/stm32f7xx_hal_i2c_ex.o
 .debug_macro   0x0000000000025c32      0x1f2 ./Drivers/STM32F7xx_HAL_Driver/Src/stm32f7xx_hal_rcc.o
 .debug_macro   0x0000000000025e24      0x1ce ./Drivers/STM32F7xx_HAL_Driver/Src/stm32f7xx_hal_rcc_ex.o
 .debug_macro   0x0000000000025ff2      0x1eb ./Drivers/STM32F7xx_HAL_Driver/Src/stm32f7xx_hal_uart.o

.debug_line     0x0000000000000000     0xf042
 .debug_line    0x0000000000000000      0x731 ./Core/Src/i2c_slave.o
 .debug_line    0x0000000000000731      0x96c ./Core/Src/main.o
 .debug_line    0x000000000000109d      0x755 ./Core/Src/stm32f7xx_hal_msp.o
 .debug_line    0x00000000000017f2      0x780 ./Core/Src/stm32f7xx_it.o
 .debug_line    0x0000000000001f72      0x7e7 ./Core/Src/syscalls.o
 .debug_line    0x0000000000002759      0x4b8 ./Core/Src/sysmem.o
 .debug_line    0x0000000000002c11      0x70d ./Core/Src/system_stm32f7xx.o
 .debug_line    0x000000000000331e       0x7a ./Core/Startup/startup_stm32f746zgtx.o
 .debug_line    0x0000000000003398      0x99e ./Drivers/STM32F7xx_HAL_Driver/Src/stm32f7xx_hal.o
 .debug_line    0x0000000000003d36      0xc52 ./Drivers/STM32F7xx_HAL_Driver/Src/stm32f7xx_hal_cortex.o
 .debug_line    0x0000000000004988      0xeed ./Drivers/STM32F7xx_HAL_Driver/Src/stm32f7xx_hal_dma.o
 .debug_line    0x0000000000005875      0xb18 ./Drivers/STM32F7xx_HAL_Driver/Src/stm32f7xx_hal_gpio.o
 .debug_line    0x000000000000638d     0x393e ./Drivers/STM32F7xx_HAL_Driver/Src/stm32f7xx_hal_i2c.o
 .debug_line    0x0000000000009ccb      0x7c9 ./Drivers/STM32F7xx_HAL_Driver/Src/stm32f7xx_hal_i2c_ex.o
 .debug_line    0x000000000000a494      0xdde ./Drivers/STM32F7xx_HAL_Driver/Src/stm32f7xx_hal_rcc.o
 .debug_line    0x000000000000b272      0xd92 ./Drivers/STM32F7xx_HAL_Driver/Src/stm32f7xx_hal_rcc_ex.o
 .debug_line    0x000000000000c004     0x303e ./Drivers/STM32F7xx_HAL_Driver/Src/stm32f7xx_hal_uart.o

.debug_str      0x0000000000000000    0xe8b39
 .debug_str     0x0000000000000000    0xdfc43 ./Core/Src/i2c_slave.o
                                      0xe03f4 (size before relaxing)
 .debug_str     0x00000000000dfc43     0x3ca9 ./Core/Src/main.o
                                      0xe3fc4 (size before relaxing)
 .debug_str     0x00000000000e38ec      0x931 ./Core/Src/stm32f7xx_hal_msp.o
                                      0xe0f30 (size before relaxing)
 .debug_str     0x00000000000e421d      0x11b ./Core/Src/stm32f7xx_it.o
                                      0xe038a (size before relaxing)
 .debug_str     0x00000000000e4338     0x20db ./Core/Src/syscalls.o
                                       0x989f (size before relaxing)
 .debug_str     0x00000000000e6413       0x6b ./Core/Src/sysmem.o
                                       0x6056 (size before relaxing)
 .debug_str     0x00000000000e647e      0x1a4 ./Core/Src/system_stm32f7xx.o
                                      0xdfffd (size before relaxing)
 .debug_str     0x00000000000e6622       0x34 ./Core/Startup/startup_stm32f746zgtx.o
                                         0x66 (size before relaxing)
 .debug_str     0x00000000000e6656      0x407 ./Drivers/STM32F7xx_HAL_Driver/Src/stm32f7xx_hal.o
                                      0xe0966 (size before relaxing)